Archive member included to satisfy reference by file (symbol)

c:/users/kovalev/appdata/roaming/xpacks/@gnu-mcu-eclipse/arm-none-eabi-gcc/8.2.1-1.7.1/.content/bin/../lib/gcc/arm-none-eabi/8.2.1/thumb/v7-m/nofp\libgcc.a(unwind-arm.o)
                              ./System/Src/newlib/cxx.o (__aeabi_unwind_cpp_pr1)
c:/users/kovalev/appdata/roaming/xpacks/@gnu-mcu-eclipse/arm-none-eabi-gcc/8.2.1-1.7.1/.content/bin/../lib/gcc/arm-none-eabi/8.2.1/thumb/v7-m/nofp\libgcc.a(libunwind.o)
                              c:/users/kovalev/appdata/roaming/xpacks/@gnu-mcu-eclipse/arm-none-eabi-gcc/8.2.1-1.7.1/.content/bin/../lib/gcc/arm-none-eabi/8.2.1/thumb/v7-m/nofp\libgcc.a(unwind-arm.o) (restore_core_regs)
c:/users/kovalev/appdata/roaming/xpacks/@gnu-mcu-eclipse/arm-none-eabi-gcc/8.2.1-1.7.1/.content/bin/../lib/gcc/arm-none-eabi/8.2.1/thumb/v7-m/nofp\libgcc.a(pr-support.o)
                              c:/users/kovalev/appdata/roaming/xpacks/@gnu-mcu-eclipse/arm-none-eabi-gcc/8.2.1-1.7.1/.content/bin/../lib/gcc/arm-none-eabi/8.2.1/thumb/v7-m/nofp\libgcc.a(unwind-arm.o) (__gnu_unwind_execute)
c:/users/kovalev/appdata/roaming/xpacks/@gnu-mcu-eclipse/arm-none-eabi-gcc/8.2.1-1.7.1/.content/bin/../lib/gcc/arm-none-eabi/8.2.1/../../../../arm-none-eabi/lib/thumb/v7-m/nofp\libg_nano.a(lib_a-errno.o)
                              ./System/Src/newlib/sbrk.o (__errno)
c:/users/kovalev/appdata/roaming/xpacks/@gnu-mcu-eclipse/arm-none-eabi-gcc/8.2.1-1.7.1/.content/bin/../lib/gcc/arm-none-eabi/8.2.1/../../../../arm-none-eabi/lib/thumb/v7-m/nofp\libg_nano.a(lib_a-impure.o)
                              c:/users/kovalev/appdata/roaming/xpacks/@gnu-mcu-eclipse/arm-none-eabi-gcc/8.2.1-1.7.1/.content/bin/../lib/gcc/arm-none-eabi/8.2.1/../../../../arm-none-eabi/lib/thumb/v7-m/nofp\libg_nano.a(lib_a-errno.o) (_impure_ptr)
c:/users/kovalev/appdata/roaming/xpacks/@gnu-mcu-eclipse/arm-none-eabi-gcc/8.2.1-1.7.1/.content/bin/../lib/gcc/arm-none-eabi/8.2.1/../../../../arm-none-eabi/lib/thumb/v7-m/nofp\libg_nano.a(lib_a-memcpy-stub.o)
                              c:/users/kovalev/appdata/roaming/xpacks/@gnu-mcu-eclipse/arm-none-eabi-gcc/8.2.1-1.7.1/.content/bin/../lib/gcc/arm-none-eabi/8.2.1/thumb/v7-m/nofp\libgcc.a(unwind-arm.o) (memcpy)
c:/users/kovalev/appdata/roaming/xpacks/@gnu-mcu-eclipse/arm-none-eabi-gcc/8.2.1-1.7.1/.content/bin/../lib/gcc/arm-none-eabi/8.2.1/../../../../arm-none-eabi/lib/thumb/v7-m/nofp\libg_nano.a(lib_a-strlen.o)
                              ./System/Src/diag/trace.o (strlen)
c:/users/kovalev/appdata/roaming/xpacks/@gnu-mcu-eclipse/arm-none-eabi-gcc/8.2.1-1.7.1/.content/bin/../lib/gcc/arm-none-eabi/8.2.1/../../../../arm-none-eabi/lib/thumb/v7-m/nofp\libg_nano.a(lib_a-vsnprintf.o)
                              ./System/Src/diag/trace.o (vsnprintf)
c:/users/kovalev/appdata/roaming/xpacks/@gnu-mcu-eclipse/arm-none-eabi-gcc/8.2.1-1.7.1/.content/bin/../lib/gcc/arm-none-eabi/8.2.1/../../../../arm-none-eabi/lib/thumb/v7-m/nofp\libg_nano.a(lib_a-nano-svfprintf.o)
                              c:/users/kovalev/appdata/roaming/xpacks/@gnu-mcu-eclipse/arm-none-eabi-gcc/8.2.1-1.7.1/.content/bin/../lib/gcc/arm-none-eabi/8.2.1/../../../../arm-none-eabi/lib/thumb/v7-m/nofp\libg_nano.a(lib_a-vsnprintf.o) (_svfprintf_r)
c:/users/kovalev/appdata/roaming/xpacks/@gnu-mcu-eclipse/arm-none-eabi-gcc/8.2.1-1.7.1/.content/bin/../lib/gcc/arm-none-eabi/8.2.1/../../../../arm-none-eabi/lib/thumb/v7-m/nofp\libg_nano.a(lib_a-nano-vfprintf_i.o)
                              c:/users/kovalev/appdata/roaming/xpacks/@gnu-mcu-eclipse/arm-none-eabi-gcc/8.2.1-1.7.1/.content/bin/../lib/gcc/arm-none-eabi/8.2.1/../../../../arm-none-eabi/lib/thumb/v7-m/nofp\libg_nano.a(lib_a-nano-svfprintf.o) (_printf_i)
c:/users/kovalev/appdata/roaming/xpacks/@gnu-mcu-eclipse/arm-none-eabi-gcc/8.2.1-1.7.1/.content/bin/../lib/gcc/arm-none-eabi/8.2.1/../../../../arm-none-eabi/lib/thumb/v7-m/nofp\libg_nano.a(lib_a-memchr-stub.o)
                              c:/users/kovalev/appdata/roaming/xpacks/@gnu-mcu-eclipse/arm-none-eabi-gcc/8.2.1-1.7.1/.content/bin/../lib/gcc/arm-none-eabi/8.2.1/../../../../arm-none-eabi/lib/thumb/v7-m/nofp\libg_nano.a(lib_a-nano-svfprintf.o) (memchr)
c:/users/kovalev/appdata/roaming/xpacks/@gnu-mcu-eclipse/arm-none-eabi-gcc/8.2.1-1.7.1/.content/bin/../lib/gcc/arm-none-eabi/8.2.1/../../../../arm-none-eabi/lib/thumb/v7-m/nofp\libg_nano.a(lib_a-memmove.o)
                              c:/users/kovalev/appdata/roaming/xpacks/@gnu-mcu-eclipse/arm-none-eabi-gcc/8.2.1-1.7.1/.content/bin/../lib/gcc/arm-none-eabi/8.2.1/../../../../arm-none-eabi/lib/thumb/v7-m/nofp\libg_nano.a(lib_a-nano-svfprintf.o) (memmove)
c:/users/kovalev/appdata/roaming/xpacks/@gnu-mcu-eclipse/arm-none-eabi-gcc/8.2.1-1.7.1/.content/bin/../lib/gcc/arm-none-eabi/8.2.1/../../../../arm-none-eabi/lib/thumb/v7-m/nofp\libg_nano.a(lib_a-nano-freer.o)
[...]
Memory Configuration

Name             Origin             Length             Attributes
FLASH            0x0000000008000000 0x0000000000010000 xr
RAM              0x0000000020000000 0x0000000000005000 xrw
CCMRAM           0x0000000010000000 0x0000000000000000 xrw
FLASHB1          0x0000000000000000 0x0000000000000000 xr
EXTMEMB0         0x0000000000000000 0x0000000000000000 xr
EXTMEMB1         0x0000000000000000 0x0000000000000000 xr
EXTMEMB2         0x0000000000000000 0x0000000000000000 xr
EXTMEMB3         0x0000000000000000 0x0000000000000000 xr
*default*        0x0000000000000000 0xffffffffffffffff

Linker script and memory map

LOAD ./System/Src/newlib/assert.o
LOAD ./System/Src/newlib/cxx.o
LOAD ./System/Src/newlib/exit.o
LOAD ./System/Src/newlib/sbrk.o
LOAD ./System/Src/newlib/startup.o
LOAD ./System/Src/newlib/syscalls.o
LOAD ./System/Src/gd32f10x/gd32f10x_adc.o
LOAD ./System/Src/gd32f10x/gd32f10x_bkp.o
LOAD ./System/Src/gd32f10x/gd32f10x_can.o
LOAD ./System/Src/gd32f10x/gd32f10x_crc.o
LOAD ./System/Src/gd32f10x/gd32f10x_dac.o
LOAD ./System/Src/gd32f10x/gd32f10x_dbg.o
LOAD ./System/Src/gd32f10x/gd32f10x_dma.o
LOAD ./System/Src/gd32f10x/gd32f10x_enet.o
LOAD ./System/Src/gd32f10x/gd32f10x_exmc.o
LOAD ./System/Src/gd32f10x/gd32f10x_exti.o
LOAD ./System/Src/gd32f10x/gd32f10x_fmc.o
LOAD ./System/Src/gd32f10x/gd32f10x_fwdgt.o
LOAD ./System/Src/gd32f10x/gd32f10x_gpio.o
LOAD ./System/Src/gd32f10x/gd32f10x_i2c.o
LOAD ./System/Src/gd32f10x/gd32f10x_it.o
LOAD ./System/Src/gd32f10x/gd32f10x_misc.o
LOAD ./System/Src/gd32f10x/gd32f10x_pmu.o
LOAD ./System/Src/gd32f10x/gd32f10x_rcu.o
LOAD ./System/Src/gd32f10x/gd32f10x_rtc.o
LOAD ./System/Src/gd32f10x/gd32f10x_sdio.o
LOAD ./System/Src/gd32f10x/gd32f10x_spi.o
LOAD ./System/Src/gd32f10x/gd32f10x_timer.o
LOAD ./System/Src/gd32f10x/gd32f10x_usart.o
LOAD ./System/Src/gd32f10x/gd32f10x_wwdgt.o
LOAD ./System/Src/diag/trace-impl.o
LOAD ./System/Src/diag/trace.o
LOAD ./System/Src/cortexm/exception-handlers.o
LOAD ./System/Src/cortexm/initialize-hardware.o
LOAD ./System/Src/cortexm/reset-hardware.o
LOAD ./System/Src/CMSIS/system_gd32f10x.o
LOAD ./System/Src/CMSIS/vectors_gd32f10x.o
LOAD ./Src/gd32f10x_eval.o
LOAD ./Src/main.o
LOAD ./Src/timer.o
LOAD ./Src/write.o
LOAD c:/users/kovalev/appdata/roaming/xpacks/@gnu-mcu-eclipse/arm-none-eabi-gcc/8.2.1-1.7.1/.content/bin/../lib/gcc/arm-none-eabi/8.2.1/../../../../arm-none-eabi/lib/thumb/v7-m/nofp\libstdc++_nano.a
LOAD c:/users/kovalev/appdata/roaming/xpacks/@gnu-mcu-eclipse/arm-none-eabi-gcc/8.2.1-1.7.1/.content/bin/../lib/gcc/arm-none-eabi/8.2.1/../../../../arm-none-eabi/lib/thumb/v7-m/nofp\libm.a
START GROUP
LOAD c:/users/kovalev/appdata/roaming/xpacks/@gnu-mcu-eclipse/arm-none-eabi-gcc/8.2.1-1.7.1/.content/bin/../lib/gcc/arm-none-eabi/8.2.1/thumb/v7-m/nofp\libgcc.a
LOAD c:/users/kovalev/appdata/roaming/xpacks/@gnu-mcu-eclipse/arm-none-eabi-gcc/8.2.1-1.7.1/.content/bin/../lib/gcc/arm-none-eabi/8.2.1/../../../../arm-none-eabi/lib/thumb/v7-m/nofp\libg_nano.a
LOAD c:/users/kovalev/appdata/roaming/xpacks/@gnu-mcu-eclipse/arm-none-eabi-gcc/8.2.1-1.7.1/.content/bin/../lib/gcc/arm-none-eabi/8.2.1/../../../../arm-none-eabi/lib/thumb/v7-m/nofp\libc_nano.a
END GROUP
START GROUP
LOAD c:/users/kovalev/appdata/roaming/xpacks/@gnu-mcu-eclipse/arm-none-eabi-gcc/8.2.1-1.7.1/.content/bin/../lib/gcc/arm-none-eabi/8.2.1/thumb/v7-m/nofp\libgcc.a
LOAD c:/users/kovalev/appdata/roaming/xpacks/@gnu-mcu-eclipse/arm-none-eabi-gcc/8.2.1-1.7.1/.content/bin/../lib/gcc/arm-none-eabi/8.2.1/../../../../arm-none-eabi/lib/thumb/v7-m/nofp\libc_nano.a
END GROUP
                0x0000000020005000                __stack = (ORIGIN (RAM) + LENGTH (RAM))
                0x0000000020005000                _estack = __stack
                0x0000000000000400                __Main_Stack_Size = 0x400
                [!provide]                        PROVIDE (_Main_Stack_Size = __Main_Stack_Size)
                0x0000000020004c00                __Main_Stack_Limit = (__stack - __Main_Stack_Size)
                [!provide]                        PROVIDE (_Main_Stack_Limit = __Main_Stack_Limit)
                0x0000000000000100                _Minimum_Stack_Size = 0x100
                0x00000000200001f8                PROVIDE (_Heap_Begin = _end_noinit)
                0x0000000020004c00                PROVIDE (_Heap_Limit = (__stack - __Main_Stack_Size))

.isr_vector     0x0000000008000000      0x332
 FILL mask 0xff
                0x0000000008000000                __vectors_start = ABSOLUTE (.)
                0x0000000008000000                __vectors_start__ = ABSOLUTE (.)
 *(.isr_vector)
 .isr_vector    0x0000000008000000       0xf0 ./System/Src/CMSIS/vectors_gd32f10x.o
                0x0000000008000000                __isr_vectors
 *(.cfmconfig)
 *(.after_vectors .after_vectors.*)
 .after_vectors
                0x00000000080000f0      0x114 ./System/Src/newlib/startup.o
                0x00000000080000f0                _start
 .after_vectors
                0x0000000008000204      0x12c ./System/Src/cortexm/exception-handlers.o
                0x0000000008000204                Reset_Handler
                0x0000000008000222                HardFault_Handler_C
                0x0000000008000298                BusFault_Handler_C
                0x00000000080002e0                UsageFault_Handler_C
 .after_vectors
                0x0000000008000330        0x2 ./System/Src/CMSIS/vectors_gd32f10x.o
                0x0000000008000330                RTC_Alarm_IRQHandler
                0x0000000008000330                EXTI2_IRQHandler
                0x0000000008000330                TIMER2_IRQHandler
                0x0000000008000330                LVD_IRQHandler
                0x0000000008000330                TIMER0_BRK_IRQHandler
                0x0000000008000330                ADC0_1_IRQHandler
                0x0000000008000330                TIMER0_UP_IRQHandler
                0x0000000008000330                EXTI3_IRQHandler
                0x0000000008000330                TIMER3_IRQHandler
                0x0000000008000330                DMA0_Channel6_IRQHandler
                0x0000000008000330                I2C0_EV_IRQHandler
                0x0000000008000330                EXTI0_IRQHandler
                0x0000000008000330                SPI1_IRQHandler
                0x0000000008000330                DMA0_Channel0_IRQHandler
                0x0000000008000330                TAMPER_IRQHandler
                0x0000000008000330                DMA0_Channel3_IRQHandler
                0x0000000008000330                I2C0_ER_IRQHandler
                0x0000000008000330                RTC_IRQHandler
                0x0000000008000330                DMA0_Channel2_IRQHandler
                0x0000000008000330                USART0_IRQHandler
                0x0000000008000330                TIMER1_IRQHandler
                0x0000000008000330                TIMER0_TRG_CMT_IRQHandler
                0x0000000008000330                I2C1_EV_IRQHandler
                0x0000000008000330                EXTI10_15_IRQHandler
                0x0000000008000330                Default_Handler
                0x0000000008000330                WWDGT_IRQHandler
                0x0000000008000330                EXMC_IRQHandler
                0x0000000008000330                USBD_WKUP_IRQHandler
                0x0000000008000330                EXTI4_IRQHandler
                0x0000000008000330                USBD_HP_CAN0_TX_IRQHandler
                0x0000000008000330                DMA0_Channel5_IRQHandler
                0x0000000008000330                EXTI5_9_IRQHandler
                0x0000000008000330                RCU_IRQHandler
                0x0000000008000330                DMA0_Channel1_IRQHandler
                0x0000000008000330                TIMER0_Channel_IRQHandler
                0x0000000008000330                EXTI1_IRQHandler
                0x0000000008000330                SPI0_IRQHandler
                0x0000000008000330                USART2_IRQHandler
                0x0000000008000330                CAN0_EWMC_IRQHandler
                0x0000000008000330                USBD_LP_CAN0_RX0_IRQHandler
                0x0000000008000330                USART1_IRQHandler
                0x0000000008000330                I2C1_ER_IRQHandler
                0x0000000008000330                FMC_IRQHandler
                0x0000000008000330                DMA0_Channel4_IRQHandler

.inits          0x0000000008000334       0x28
                0x0000000008000334                __data_regions_array_start = .
                0x0000000008000334        0x4 LONG 0x8002194 LOADADDR (.data)
                0x0000000008000338        0x4 LONG 0x20000000 ADDR (.data)
                0x000000000800033c        0x4 LONG 0x2000007c (ADDR (.data) + SIZEOF (.data))
                0x0000000008000340        0x4 LONG 0x8002194 LOADADDR (.data_CCMRAM)
                0x0000000008000344        0x4 LONG 0x10000000 ADDR (.data_CCMRAM)
                0x0000000008000348        0x4 LONG 0x10000000 (ADDR (.data_CCMRAM) + SIZEOF (.data_CCMRAM))
                0x000000000800034c                __data_regions_array_end = .
                0x000000000800034c                __bss_regions_array_start = .
                0x000000000800034c        0x4 LONG 0x2000007c ADDR (.bss)
                0x0000000008000350        0x4 LONG 0x200001f8 (ADDR (.bss) + SIZEOF (.bss))
                0x0000000008000354        0x4 LONG 0x10000000 ADDR (.bss_CCMRAM)
                0x0000000008000358        0x4 LONG 0x10000000 (ADDR (.bss_CCMRAM) + SIZEOF (.bss_CCMRAM))
                0x000000000800035c                __bss_regions_array_end = .
 *(.init)
 *(.fini)
                0x000000000800035c                . = ALIGN (0x4)
                0x000000000800035c                PROVIDE (__preinit_array_start = .)
 *(.preinit_array_sysinit .preinit_array_sysinit.*)
 *(.preinit_array_platform .preinit_array_platform.*)
 *(.preinit_array .preinit_array.*)
                0x000000000800035c                PROVIDE (__preinit_array_end = .)
                0x000000000800035c                . = ALIGN (0x4)
                0x000000000800035c                PROVIDE (__init_array_start = .)
 *(SORT_BY_NAME(.init_array.*))
 *(.init_array)
                0x000000000800035c                PROVIDE (__init_array_end = .)
                0x000000000800035c                . = ALIGN (0x4)
                0x000000000800035c                PROVIDE (__fini_array_start = .)
 *(SORT_BY_NAME(.fini_array.*))
 *(.fini_array)
                0x000000000800035c                PROVIDE (__fini_array_end = .)

.flashtext
 *(.flashtext .flashtext.*)

.text           0x000000000800035c     0x1e36
 *(.text .text.*)
 .text._exit    0x000000000800035c        0x2 ./System/Src/newlib/exit.o
                0x000000000800035c                _exit
 *fill*         0x000000000800035e        0x2 
 .text._sbrk    0x0000000008000360       0x44 ./System/Src/newlib/sbrk.o
                0x0000000008000360                _sbrk
 .text.__initialize_args
                0x00000000080003a4       0x10 ./System/Src/newlib/syscalls.o
                0x00000000080003a4                __initialize_args
 .text.can_deinit
                0x00000000080003b4       0x20 ./System/Src/gd32f10x/gd32f10x_can.o
                0x00000000080003b4                can_deinit
 .text.can_struct_para_init
                0x00000000080003d4       0x8e ./System/Src/gd32f10x/gd32f10x_can.o
                0x00000000080003d4                can_struct_para_init
 .text.can_init
                0x0000000008000462      0x116 ./System/Src/gd32f10x/gd32f10x_can.o
                0x0000000008000462                can_init
 .text.can_filter_init
                0x0000000008000578       0xf4 ./System/Src/gd32f10x/gd32f10x_can.o
                0x0000000008000578                can_filter_init
 .text.can_message_transmit
                0x000000000800066c       0xc0 ./System/Src/gd32f10x/gd32f10x_can.o
                0x000000000800066c                can_message_transmit
 .text.can_message_receive
                0x000000000800072c       0xa2 ./System/Src/gd32f10x/gd32f10x_can.o
                0x000000000800072c                can_message_receive
 .text.can_interrupt_enable
                0x00000000080007ce        0x8 ./System/Src/gd32f10x/gd32f10x_can.o
                0x00000000080007ce                can_interrupt_enable
 *fill*         0x00000000080007d6        0x2 
 .text.exti_init
                0x00000000080007d8       0x90 ./System/Src/gd32f10x/gd32f10x_exti.o
                0x00000000080007d8                exti_init
 .text.exti_interrupt_flag_clear
                0x0000000008000868        0xc ./System/Src/gd32f10x/gd32f10x_exti.o
                0x0000000008000868                exti_interrupt_flag_clear
 .text.gpio_afio_deinit
                0x0000000008000874       0x14 ./System/Src/gd32f10x/gd32f10x_gpio.o
                0x0000000008000874                gpio_afio_deinit
 .text.gpio_init
                0x0000000008000888       0x8c ./System/Src/gd32f10x/gd32f10x_gpio.o
                0x0000000008000888                gpio_init
 .text.gpio_bit_write
                0x0000000008000914        0xa ./System/Src/gd32f10x/gd32f10x_gpio.o
                0x0000000008000914                gpio_bit_write
 .text.gpio_input_bit_get
                0x000000000800091e        0xe ./System/Src/gd32f10x/gd32f10x_gpio.o
                0x000000000800091e                gpio_input_bit_get
 .text.gpio_exti_source_select
                0x000000000800092c       0x84 ./System/Src/gd32f10x/gd32f10x_gpio.o
                0x000000000800092c                gpio_exti_source_select
 .text.NMI_Handler
                0x00000000080009b0        0x2 ./System/Src/gd32f10x/gd32f10x_it.o
                0x00000000080009b0                NMI_Handler
 .text.HardFault_Handler
                0x00000000080009b2        0x2 ./System/Src/gd32f10x/gd32f10x_it.o
                0x00000000080009b2                HardFault_Handler
 .text.MemManage_Handler
                0x00000000080009b4        0x2 ./System/Src/gd32f10x/gd32f10x_it.o
                0x00000000080009b4                MemManage_Handler
 .text.BusFault_Handler
                0x00000000080009b6        0x2 ./System/Src/gd32f10x/gd32f10x_it.o
                0x00000000080009b6                BusFault_Handler
 .text.UsageFault_Handler
                0x00000000080009b8        0x2 ./System/Src/gd32f10x/gd32f10x_it.o
                0x00000000080009b8                UsageFault_Handler
 .text.SVC_Handler
                0x00000000080009ba        0x2 ./System/Src/gd32f10x/gd32f10x_it.o
                0x00000000080009ba                SVC_Handler
 .text.DebugMon_Handler
                0x00000000080009bc        0x2 ./System/Src/gd32f10x/gd32f10x_it.o
                0x00000000080009bc                DebugMon_Handler
 .text.PendSV_Handler
                0x00000000080009be        0x2 ./System/Src/gd32f10x/gd32f10x_it.o
                0x00000000080009be                PendSV_Handler
 .text.CAN0_RX1_IRQHandler
                0x00000000080009c0       0x7c ./System/Src/gd32f10x/gd32f10x_it.o
                0x00000000080009c0                CAN0_RX1_IRQHandler
 .text.nvic_priority_group_set
                0x0000000008000a3c       0x14 ./System/Src/gd32f10x/gd32f10x_misc.o
                0x0000000008000a3c                nvic_priority_group_set
 .text.nvic_irq_enable
                0x0000000008000a50       0x98 ./System/Src/gd32f10x/gd32f10x_misc.o
                0x0000000008000a50                nvic_irq_enable
 .text.rcu_periph_clock_enable
                0x0000000008000ae8       0x1c ./System/Src/gd32f10x/gd32f10x_rcu.o
                0x0000000008000ae8                rcu_periph_clock_enable
 .text.rcu_periph_reset_enable
                0x0000000008000b04       0x1c ./System/Src/gd32f10x/gd32f10x_rcu.o
                0x0000000008000b04                rcu_periph_reset_enable
 .text.rcu_periph_reset_disable
                0x0000000008000b20       0x1e ./System/Src/gd32f10x/gd32f10x_rcu.o
                0x0000000008000b20                rcu_periph_reset_disable
 .text._trace_write_semihosting_debug
                0x0000000008000b3e       0x60 ./System/Src/diag/trace-impl.o
 .text.trace_write
                0x0000000008000b9e        0x8 ./System/Src/diag/trace-impl.o
                0x0000000008000b9e                trace_write
 *fill*         0x0000000008000ba6        0x2 
 .text.trace_printf
                0x0000000008000ba8       0x34 ./System/Src/diag/trace.o
                0x0000000008000ba8                trace_printf
 .text.dumpExceptionStack
                0x0000000008000bdc       0xf4 ./System/Src/cortexm/exception-handlers.o
                0x0000000008000bdc                dumpExceptionStack
 .text.isSemihosting
                0x0000000008000cd0       0x20 ./System/Src/cortexm/exception-handlers.o
                0x0000000008000cd0                isSemihosting
 .text.__initialize_hardware_early
                0x0000000008000cf0       0x18 ./System/Src/cortexm/initialize-hardware.o
                0x0000000008000cf0                __initialize_hardware_early
 .text.__initialize_hardware
                0x0000000008000d08        0x8 ./System/Src/cortexm/initialize-hardware.o
                0x0000000008000d08                __initialize_hardware
 .text.system_clock_108m_hxtal
                0x0000000008000d10       0xa0 ./System/Src/CMSIS/system_gd32f10x.o
 .text.system_clock_config
                0x0000000008000db0        0x8 ./System/Src/CMSIS/system_gd32f10x.o
 .text.SystemInit
                0x0000000008000db8       0x5c ./System/Src/CMSIS/system_gd32f10x.o
                0x0000000008000db8                SystemInit
 .text.SystemCoreClockUpdate
                0x0000000008000e14       0x80 ./System/Src/CMSIS/system_gd32f10x.o
                0x0000000008000e14                SystemCoreClockUpdate
 .text.led_on   0x0000000008000e94       0x18 ./Src/gd32f10x_eval.o
                0x0000000008000e94                led_on
 .text.led_off  0x0000000008000eac       0x18 ./Src/gd32f10x_eval.o
                0x0000000008000eac                led_off
 .text.led_toggle
                0x0000000008000ec4       0x30 ./Src/gd32f10x_eval.o
                0x0000000008000ec4                led_toggle
 .text.key_init
                0x0000000008000ef4       0x80 ./Src/gd32f10x_eval.o
                0x0000000008000ef4                key_init
 .text.can_config
                0x0000000008000f74       0xb0 ./Src/main.o
                0x0000000008000f74                can_config
 .text.nvic_config
                0x0000000008001024        0xe ./Src/main.o
                0x0000000008001024                nvic_config
 *fill*         0x0000000008001032        0x2 
 .text.gpio_config
                0x0000000008001034       0x78 ./Src/main.o
                0x0000000008001034                gpio_config
 .text.LIGH_OFF
                0x00000000080010ac       0x80 ./Src/main.o
                0x00000000080010ac                LIGH_OFF
 .text.LIGH_ON  0x000000000800112c       0x80 ./Src/main.o
                0x000000000800112c                LIGH_ON
 .text.LIGH_LEFT
                0x00000000080011ac       0x80 ./Src/main.o
                0x00000000080011ac                LIGH_LEFT
 .text.LIGH_RIGH
                0x000000000800122c       0x80 ./Src/main.o
                0x000000000800122c                LIGH_RIGH
 .text.blink    0x00000000080012ac      0x128 ./Src/main.o
                0x00000000080012ac                blink
 .text.blink_LEFT
                0x00000000080013d4       0xec ./Src/main.o
                0x00000000080013d4                blink_LEFT
 .text.blink_RIGH
                0x00000000080014c0       0xec ./Src/main.o
                0x00000000080014c0                blink_RIGH
 .text.set_prog
                0x00000000080015ac       0x3c ./Src/main.o
                0x00000000080015ac                set_prog
 .text.main     0x00000000080015e8       0xe4 ./Src/main.o
                0x00000000080015e8                main
 .text.timer_start
                0x00000000080016cc       0x3c ./Src/timer.o
                0x00000000080016cc                timer_start
 .text.timer_sleep
                0x0000000008001708       0x14 ./Src/timer.o
                0x0000000008001708                timer_sleep
 .text.timer_tick
                0x000000000800171c       0x14 ./Src/timer.o
                0x000000000800171c                timer_tick
 .text.SysTick_Handler
                0x0000000008001730        0x8 ./Src/timer.o
                0x0000000008001730                SysTick_Handler
 .text.__errno  0x0000000008001738        0xc c:/users/kovalev/appdata/roaming/xpacks/@gnu-mcu-eclipse/arm-none-eabi-gcc/8.2.1-1.7.1/.content/bin/../lib/gcc/arm-none-eabi/8.2.1/../../../../arm-none-eabi/lib/thumb/v7-m/nofp\libg_nano.a(lib_a-errno.o)
                0x0000000008001738                __errno
 .text.memcpy   0x0000000008001744       0x1c c:/users/kovalev/appdata/roaming/xpacks/@gnu-mcu-eclipse/arm-none-eabi-gcc/8.2.1-1.7.1/.content/bin/../lib/gcc/arm-none-eabi/8.2.1/../../../../arm-none-eabi/lib/thumb/v7-m/nofp\libg_nano.a(lib_a-memcpy-stub.o)
                0x0000000008001744                memcpy
 .text._vsnprintf_r
                0x0000000008001760       0x58 c:/users/kovalev/appdata/roaming/xpacks/@gnu-mcu-eclipse/arm-none-eabi-gcc/8.2.1-1.7.1/.content/bin/../lib/gcc/arm-none-eabi/8.2.1/../../../../arm-none-eabi/lib/thumb/v7-m/nofp\libg_nano.a(lib_a-vsnprintf.o)
                0x0000000008001760                _vsniprintf_r
                0x0000000008001760                _vsnprintf_r
 .text.vsnprintf
                0x00000000080017b8       0x1c c:/users/kovalev/appdata/roaming/xpacks/@gnu-mcu-eclipse/arm-none-eabi-gcc/8.2.1-1.7.1/.content/bin/../lib/gcc/arm-none-eabi/8.2.1/../../../../arm-none-eabi/lib/thumb/v7-m/nofp\libg_nano.a(lib_a-vsnprintf.o)
                0x00000000080017b8                vsniprintf
                0x00000000080017b8                vsnprintf
 .text.__ssputs_r
                0x00000000080017d4       0xb6 c:/users/kovalev/appdata/roaming/xpacks/@gnu-mcu-eclipse/arm-none-eabi-gcc/8.2.1-1.7.1/.content/bin/../lib/gcc/arm-none-eabi/8.2.1/../../../../arm-none-eabi/lib/thumb/v7-m/nofp\libg_nano.a(lib_a-nano-svfprintf.o)
                0x00000000080017d4                __ssputs_r
 *fill*         0x000000000800188a        0x2 
 .text._svfprintf_r
                0x000000000800188c      0x1f0 c:/users/kovalev/appdata/roaming/xpacks/@gnu-mcu-eclipse/arm-none-eabi-gcc/8.2.1-1.7.1/.content/bin/../lib/gcc/arm-none-eabi/8.2.1/../../../../arm-none-eabi/lib/thumb/v7-m/nofp\libg_nano.a(lib_a-nano-svfprintf.o)
                0x000000000800188c                _svfiprintf_r
                0x000000000800188c                _svfprintf_r
 .text._printf_common
                0x0000000008001a7c       0xec c:/users/kovalev/appdata/roaming/xpacks/@gnu-mcu-eclipse/arm-none-eabi-gcc/8.2.1-1.7.1/.content/bin/../lib/gcc/arm-none-eabi/8.2.1/../../../../arm-none-eabi/lib/thumb/v7-m/nofp\libg_nano.a(lib_a-nano-vfprintf_i.o)
                0x0000000008001a7c                _printf_common
 .text._printf_i
                0x0000000008001b68      0x22c c:/users/kovalev/appdata/roaming/xpacks/@gnu-mcu-eclipse/arm-none-eabi-gcc/8.2.1-1.7.1/.content/bin/../lib/gcc/arm-none-eabi/8.2.1/../../../../arm-none-eabi/lib/thumb/v7-m/nofp\libg_nano.a(lib_a-nano-vfprintf_i.o)
                0x0000000008001b68                _printf_i
 .text.memchr   0x0000000008001d94       0x1c c:/users/kovalev/appdata/roaming/xpacks/@gnu-mcu-eclipse/arm-none-eabi-gcc/8.2.1-1.7.1/.content/bin/../lib/gcc/arm-none-eabi/8.2.1/../../../../arm-none-eabi/lib/thumb/v7-m/nofp\libg_nano.a(lib_a-memchr-stub.o)
                0x0000000008001d94                memchr
 .text.memmove  0x0000000008001db0       0x34 c:/users/kovalev/appdata/roaming/xpacks/@gnu-mcu-eclipse/arm-none-eabi-gcc/8.2.1-1.7.1/.content/bin/../lib/gcc/arm-none-eabi/8.2.1/../../../../arm-none-eabi/lib/thumb/v7-m/nofp\libg_nano.a(lib_a-memmove.o)
                0x0000000008001db0                memmove
 .text._free_r  0x0000000008001de4       0x98 c:/users/kovalev/appdata/roaming/xpacks/@gnu-mcu-eclipse/arm-none-eabi-gcc/8.2.1-1.7.1/.content/bin/../lib/gcc/arm-none-eabi/8.2.1/../../../../arm-none-eabi/lib/thumb/v7-m/nofp\libg_nano.a(lib_a-nano-freer.o)
                0x0000000008001de4                _free_r
 .text._malloc_r
                0x0000000008001e7c       0xb4 c:/users/kovalev/appdata/roaming/xpacks/@gnu-mcu-eclipse/arm-none-eabi-gcc/8.2.1-1.7.1/.content/bin/../lib/gcc/arm-none-eabi/8.2.1/../../../../arm-none-eabi/lib/thumb/v7-m/nofp\libg_nano.a(lib_a-nano-mallocr.o)
                0x0000000008001e7c                _malloc_r
 .text._realloc_r
                0x0000000008001f30       0x4c c:/users/kovalev/appdata/roaming/xpacks/@gnu-mcu-eclipse/arm-none-eabi-gcc/8.2.1-1.7.1/.content/bin/../lib/gcc/arm-none-eabi/8.2.1/../../../../arm-none-eabi/lib/thumb/v7-m/nofp\libg_nano.a(lib_a-nano-reallocr.o)
                0x0000000008001f30                _realloc_r
 .text._sbrk_r  0x0000000008001f7c       0x20 c:/users/kovalev/appdata/roaming/xpacks/@gnu-mcu-eclipse/arm-none-eabi-gcc/8.2.1-1.7.1/.content/bin/../lib/gcc/arm-none-eabi/8.2.1/../../../../arm-none-eabi/lib/thumb/v7-m/nofp\libg_nano.a(lib_a-sbrkr.o)
                0x0000000008001f7c                _sbrk_r
 .text.__malloc_lock
                0x0000000008001f9c        0xc c:/users/kovalev/appdata/roaming/xpacks/@gnu-mcu-eclipse/arm-none-eabi-gcc/8.2.1-1.7.1/.content/bin/../lib/gcc/arm-none-eabi/8.2.1/../../../../arm-none-eabi/lib/thumb/v7-m/nofp\libg_nano.a(lib_a-mlock.o)
                0x0000000008001f9c                __malloc_lock
 .text.__malloc_unlock
                0x0000000008001fa8        0xc c:/users/kovalev/appdata/roaming/xpacks/@gnu-mcu-eclipse/arm-none-eabi-gcc/8.2.1-1.7.1/.content/bin/../lib/gcc/arm-none-eabi/8.2.1/../../../../arm-none-eabi/lib/thumb/v7-m/nofp\libg_nano.a(lib_a-mlock.o)
                0x0000000008001fa8                __malloc_unlock
 .text._malloc_usable_size_r
                0x0000000008001fb4       0x10 c:/users/kovalev/appdata/roaming/xpacks/@gnu-mcu-eclipse/arm-none-eabi-gcc/8.2.1-1.7.1/.content/bin/../lib/gcc/arm-none-eabi/8.2.1/../../../../arm-none-eabi/lib/thumb/v7-m/nofp\libg_nano.a(lib_a-nano-msizer.o)
                0x0000000008001fb4                _malloc_usable_size_r
 .text.__retarget_lock_acquire_recursive
                0x0000000008001fc4        0x2 c:/users/kovalev/appdata/roaming/xpacks/@gnu-mcu-eclipse/arm-none-eabi-gcc/8.2.1-1.7.1/.content/bin/../lib/gcc/arm-none-eabi/8.2.1/../../../../arm-none-eabi/lib/thumb/v7-m/nofp\libg_nano.a(lib_a-lock.o)
                0x0000000008001fc4                __retarget_lock_acquire_recursive
 .text.__retarget_lock_release_recursive
                0x0000000008001fc6        0x2 c:/users/kovalev/appdata/roaming/xpacks/@gnu-mcu-eclipse/arm-none-eabi-gcc/8.2.1-1.7.1/.content/bin/../lib/gcc/arm-none-eabi/8.2.1/../../../../arm-none-eabi/lib/thumb/v7-m/nofp\libg_nano.a(lib_a-lock.o)
                0x0000000008001fc6                __retarget_lock_release_recursive
 *(.rodata .rodata.* .constdata .constdata.*)
 .rodata.dumpExceptionStack.str1.4
                0x0000000008001fc8      0x11a ./System/Src/cortexm/exception-handlers.o
 *fill*         0x00000000080020e2        0x2 
 .rodata.str1.4
                0x00000000080020e4       0x2c ./System/Src/cortexm/exception-handlers.o
                                         0x2a (size before relaxing)
 .rodata.GPIO_PIN
                0x0000000008002110        0xc ./Src/gd32f10x_eval.o
 .rodata.GPIO_PORT
                0x000000000800211c        0xc ./Src/gd32f10x_eval.o
 .rodata.KEY_CLK
                0x0000000008002128        0x6 ./Src/gd32f10x_eval.o
 *fill*         0x000000000800212e        0x2 
 .rodata.KEY_EXTI_LINE
                0x0000000008002130        0xc ./Src/gd32f10x_eval.o
 .rodata.KEY_IRQn
                0x000000000800213c        0x3 ./Src/gd32f10x_eval.o
 *fill*         0x000000000800213f        0x1 
 .rodata.KEY_PIN
                0x0000000008002140        0xc ./Src/gd32f10x_eval.o
 .rodata.KEY_PIN_SOURCE
                0x000000000800214c        0x3 ./Src/gd32f10x_eval.o
 *fill*         0x000000000800214f        0x1 
 .rodata.KEY_PORT
                0x0000000008002150        0xc ./Src/gd32f10x_eval.o
 .rodata.KEY_PORT_SOURCE
                0x000000000800215c        0x3 ./Src/gd32f10x_eval.o
 .rodata._svfprintf_r.str1.1
                0x000000000800215f       0x11 c:/users/kovalev/appdata/roaming/xpacks/@gnu-mcu-eclipse/arm-none-eabi-gcc/8.2.1-1.7.1/.content/bin/../lib/gcc/arm-none-eabi/8.2.1/../../../../arm-none-eabi/lib/thumb/v7-m/nofp\libg_nano.a(lib_a-nano-svfprintf.o)
 .rodata._printf_i.str1.1
                0x0000000008002170       0x22 c:/users/kovalev/appdata/roaming/xpacks/@gnu-mcu-eclipse/arm-none-eabi-gcc/8.2.1-1.7.1/.content/bin/../lib/gcc/arm-none-eabi/8.2.1/../../../../arm-none-eabi/lib/thumb/v7-m/nofp\libg_nano.a(lib_a-nano-vfprintf_i.o)
 *(vtable)
 *(.eh_frame*)
 *(.glue_7)
 .glue_7        0x0000000008002192        0x0 linker stubs
 *(.glue_7t)
 .glue_7t       0x0000000008002192        0x0 linker stubs

.vfp11_veneer   0x0000000008002194        0x0
 .vfp11_veneer  0x0000000008002194        0x0 linker stubs

.v4_bx          0x0000000008002194        0x0
 .v4_bx         0x0000000008002194        0x0 linker stubs

.iplt           0x0000000008002194        0x0
 .iplt          0x0000000008002194        0x0 ./System/Src/newlib/exit.o

.rel.dyn        0x0000000008002194        0x0
 .rel.iplt      0x0000000008002194        0x0 ./System/Src/newlib/exit.o

.ARM.extab
 *(.ARM.extab* .gnu.linkonce.armextab.*)
                0x0000000008002194                . = ALIGN (0x4)
                0x0000000008002194                __exidx_start = .

.ARM.exidx
 *(.ARM.exidx* .gnu.linkonce.armexidx.*)
                0x0000000008002194                __exidx_end = .
                0x0000000008002194                . = ALIGN (0x4)
                0x0000000008002194                _etext = .
                0x0000000008002194                __etext = .

.data_CCMRAM    0x0000000010000000        0x0 load address 0x0000000008002194
 FILL mask 0xff
 *(.data.CCMRAM .data.CCMRAM.*)
                0x0000000010000000                . = ALIGN (0x4)
                0x0000000008002194                _sidata = LOADADDR (.data)

.data           0x0000000020000000       0x7c load address 0x0000000008002194
 FILL mask 0xff
                0x0000000020000000                _sdata = .
                0x0000000020000000                __data_start__ = .
 *(.data_begin .data_begin.*)
 .data_begin    0x0000000020000000        0x4 ./System/Src/newlib/startup.o
 *(.data .data.*)
 .data.argv.4374
                0x0000000020000004        0x8 ./System/Src/newlib/syscalls.o
 .data.SystemCoreClock
                0x000000002000000c        0x4 ./System/Src/CMSIS/system_gd32f10x.o
                0x000000002000000c                SystemCoreClock
 .data.address  0x0000000020000010        0x4 ./Src/main.o
                0x0000000020000010                address
 .data._impure_ptr
                0x0000000020000014        0x4 c:/users/kovalev/appdata/roaming/xpacks/@gnu-mcu-eclipse/arm-none-eabi-gcc/8.2.1-1.7.1/.content/bin/../lib/gcc/arm-none-eabi/8.2.1/../../../../arm-none-eabi/lib/thumb/v7-m/nofp\libg_nano.a(lib_a-impure.o)
                0x0000000020000014                _impure_ptr
 .data.impure_data
                0x0000000020000018       0x60 c:/users/kovalev/appdata/roaming/xpacks/@gnu-mcu-eclipse/arm-none-eabi-gcc/8.2.1-1.7.1/.content/bin/../lib/gcc/arm-none-eabi/8.2.1/../../../../arm-none-eabi/lib/thumb/v7-m/nofp\libg_nano.a(lib_a-impure.o)
 *(.data_end .data_end.*)
 .data_end      0x0000000020000078        0x4 ./System/Src/newlib/startup.o
                0x000000002000007c                . = ALIGN (0x4)
                0x000000002000007c                _edata = .
                0x000000002000007c                __data_end__ = .

.igot.plt       0x000000002000007c        0x0 load address 0x0000000008002210
 .igot.plt      0x000000002000007c        0x0 ./System/Src/newlib/exit.o

.bss_CCMRAM     0x0000000010000000        0x0
 *(.bss.CCMRAM .bss.CCMRAM.*)

.bss            0x000000002000007c      0x17c
                0x000000002000007c                __bss_start__ = .
                0x000000002000007c                _sbss = .
 *(.bss_begin .bss_begin.*)
 .bss_begin     0x000000002000007c        0x4 ./System/Src/newlib/startup.o
 *(.bss .bss.*)
 .bss.current_heap_end.4004
                0x0000000020000080        0x4 ./System/Src/newlib/sbrk.o
 .bss.name.4373
                0x0000000020000084        0x1 ./System/Src/newlib/syscalls.o
 *fill*         0x0000000020000085        0x3 
 .bss.buf.5248  0x0000000020000088       0x80 ./System/Src/diag/trace.o
 .bss.__malloc_free_list
                0x0000000020000108        0x4 c:/users/kovalev/appdata/roaming/xpacks/@gnu-mcu-eclipse/arm-none-eabi-gcc/8.2.1-1.7.1/.content/bin/../lib/gcc/arm-none-eabi/8.2.1/../../../../arm-none-eabi/lib/thumb/v7-m/nofp\libg_nano.a(lib_a-nano-mallocr.o)
                0x0000000020000108                __malloc_free_list
 .bss.__malloc_sbrk_start
                0x000000002000010c        0x4 c:/users/kovalev/appdata/roaming/xpacks/@gnu-mcu-eclipse/arm-none-eabi-gcc/8.2.1-1.7.1/.content/bin/../lib/gcc/arm-none-eabi/8.2.1/../../../../arm-none-eabi/lib/thumb/v7-m/nofp\libg_nano.a(lib_a-nano-mallocr.o)
                0x000000002000010c                __malloc_sbrk_start
 *(COMMON)
 COMMON         0x0000000020000110        0x4 ./System/Src/newlib/syscalls.o
                0x0000000020000110                errno
 COMMON         0x0000000020000114        0x8 ./System/Src/gd32f10x/gd32f10x_it.o
                0x0000000020000114                v
                0x0000000020000118                m
 COMMON         0x000000002000011c       0xc5 ./Src/main.o
                0x000000002000011c                can_init_parameter
                0x0000000020000128                n
                0x000000002000012c                can_filter_parameter
                0x0000000020000140                prog
                0x0000000020000144                transmit_message
                0x0000000020000190                can0_error_flag
                0x0000000020000194                receive_message
                0x00000000200001e0                can0_receive_flag
 *fill*         0x00000000200001e1        0x3 
 COMMON         0x00000000200001e4        0x4 ./Src/timer.o
                0x00000000200001e4                timer_delayCount
 COMMON         0x00000000200001e8        0x9 c:/users/kovalev/appdata/roaming/xpacks/@gnu-mcu-eclipse/arm-none-eabi-gcc/8.2.1-1.7.1/.content/bin/../lib/gcc/arm-none-eabi/8.2.1/../../../../arm-none-eabi/lib/thumb/v7-m/nofp\libg_nano.a(lib_a-lock.o)
                0x00000000200001e8                __lock___atexit_recursive_mutex
                0x00000000200001e9                __lock___arc4random_mutex
                0x00000000200001ea                __lock___env_recursive_mutex
                0x00000000200001eb                __lock___sinit_recursive_mutex
                0x00000000200001ec                __lock___malloc_recursive_mutex
                0x00000000200001ed                __lock___at_quick_exit_mutex
                0x00000000200001ee                __lock___dd_hash_mutex
                0x00000000200001ef                __lock___tz_mutex
                0x00000000200001f0                __lock___sfp_recursive_mutex
 *(.bss_end .bss_end.*)
 *fill*         0x00000000200001f1        0x3 
 .bss_end       0x00000000200001f4        0x4 ./System/Src/newlib/startup.o
                0x00000000200001f8                . = ALIGN (0x4)
                0x00000000200001f8                __bss_end__ = .
                0x00000000200001f8                _ebss = .

.noinit_CCMRAM
 *(.noinit.CCMRAM .noinit.CCMRAM.*)

.noinit         0x00000000200001f8        0x0
                0x00000000200001f8                _noinit = .
 *(.noinit .noinit.*)
                0x00000000200001f8                . = ALIGN (0x4)
                0x00000000200001f8                _end_noinit = .
                [!provide]                        PROVIDE (end = _end_noinit)
                [!provide]                        PROVIDE (_end = _end_noinit)
                [!provide]                        PROVIDE (__end = _end_noinit)
                [!provide]                        PROVIDE (__end__ = _end_noinit)

._check_stack   0x00000000200001f8      0x100
                0x00000000200002f8                . = (. + _Minimum_Stack_Size)
 *fill*         0x00000000200001f8      0x100 

.b1text
 *(.b1text)
 *(.b1rodata)
 *(.b1rodata.*)

.eb0text
 *(.eb0text)
 *(.eb0rodata)
 *(.eb0rodata.*)

.eb1text
 *(.eb1text)
 *(.eb1rodata)
 *(.eb1rodata.*)

.eb2text
 *(.eb2text)
 *(.eb2rodata)
 *(.eb2rodata.*)

.eb3text
 *(.eb3text)
 *(.eb3rodata)
 *(.eb3rodata.*)

.stab
 *(.stab)

.stabstr
 *(.stabstr)

.stab.excl
 *(.stab.excl)

.stab.exclstr
 *(.stab.exclstr)

.stab.index
 *(.stab.index)

.stab.indexstr
 *(.stab.indexstr)

.comment        0x0000000000000000       0x68
 *(.comment)
 .comment       0x0000000000000000       0x68 ./System/Src/newlib/exit.o
                                         0x69 (size before relaxing)
 .comment       0x0000000000000068       0x69 ./System/Src/newlib/sbrk.o
 .comment       0x0000000000000068       0x69 ./System/Src/newlib/startup.o
 .comment       0x0000000000000068       0x69 ./System/Src/newlib/syscalls.o
 .comment       0x0000000000000068       0x69 ./System/Src/gd32f10x/gd32f10x_can.o
 .comment       0x0000000000000068       0x69 ./System/Src/gd32f10x/gd32f10x_exti.o
 .comment       0x0000000000000068       0x69 ./System/Src/gd32f10x/gd32f10x_gpio.o
 .comment       0x0000000000000068       0x69 ./System/Src/gd32f10x/gd32f10x_it.o
 .comment       0x0000000000000068       0x69 ./System/Src/gd32f10x/gd32f10x_misc.o
 .comment       0x0000000000000068       0x69 ./System/Src/gd32f10x/gd32f10x_rcu.o
 .comment       0x0000000000000068       0x69 ./System/Src/diag/trace-impl.o
 .comment       0x0000000000000068       0x69 ./System/Src/diag/trace.o
 .comment       0x0000000000000068       0x69 ./System/Src/cortexm/exception-handlers.o
 .comment       0x0000000000000068       0x69 ./System/Src/cortexm/initialize-hardware.o
 .comment       0x0000000000000068       0x69 ./System/Src/CMSIS/system_gd32f10x.o
 .comment       0x0000000000000068       0x69 ./System/Src/CMSIS/vectors_gd32f10x.o
 .comment       0x0000000000000068       0x69 ./Src/gd32f10x_eval.o
 .comment       0x0000000000000068       0x69 ./Src/main.o
 .comment       0x0000000000000068       0x69 ./Src/timer.o

.ARM.attributes
                0x0000000000000000       0x2b
 .ARM.attributes
                0x0000000000000000       0x2d ./System/Src/newlib/exit.o
 .ARM.attributes
                0x000000000000002d       0x2d ./System/Src/newlib/sbrk.o
 .ARM.attributes
                0x000000000000005a       0x2d ./System/Src/newlib/startup.o
 .ARM.attributes
                0x0000000000000087       0x2d ./System/Src/newlib/syscalls.o
 .ARM.attributes
                0x00000000000000b4       0x2d ./System/Src/gd32f10x/gd32f10x_can.o
 .ARM.attributes
                0x00000000000000e1       0x2d ./System/Src/gd32f10x/gd32f10x_exti.o
 .ARM.attributes
                0x000000000000010e       0x2d ./System/Src/gd32f10x/gd32f10x_gpio.o
 .ARM.attributes
                0x000000000000013b       0x2d ./System/Src/gd32f10x/gd32f10x_it.o
 .ARM.attributes
                0x0000000000000168       0x2d ./System/Src/gd32f10x/gd32f10x_misc.o
 .ARM.attributes
                0x0000000000000195       0x2d ./System/Src/gd32f10x/gd32f10x_rcu.o
 .ARM.attributes
                0x00000000000001c2       0x2d ./System/Src/diag/trace-impl.o
 .ARM.attributes
                0x00000000000001ef       0x2d ./System/Src/diag/trace.o
 .ARM.attributes
                0x000000000000021c       0x2d ./System/Src/cortexm/exception-handlers.o
 .ARM.attributes
                0x0000000000000249       0x2d ./System/Src/cortexm/initialize-hardware.o
 .ARM.attributes
                0x0000000000000276       0x2d ./System/Src/CMSIS/system_gd32f10x.o
 .ARM.attributes
                0x00000000000002a3       0x2d ./System/Src/CMSIS/vectors_gd32f10x.o
 .ARM.attributes
                0x00000000000002d0       0x2d ./Src/gd32f10x_eval.o
 .ARM.attributes
                0x00000000000002fd       0x2d ./Src/main.o
 .ARM.attributes
                0x000000000000032a       0x2d ./Src/timer.o
 .ARM.attributes
                0x0000000000000357       0x2d c:/users/kovalev/appdata/roaming/xpacks/@gnu-mcu-eclipse/arm-none-eabi-gcc/8.2.1-1.7.1/.content/bin/../lib/gcc/arm-none-eabi/8.2.1/../../../../arm-none-eabi/lib/thumb/v7-m/nofp\libg_nano.a(lib_a-errno.o)
 .ARM.attributes
                0x0000000000000384       0x2d c:/users/kovalev/appdata/roaming/xpacks/@gnu-mcu-eclipse/arm-none-eabi-gcc/8.2.1-1.7.1/.content/bin/../lib/gcc/arm-none-eabi/8.2.1/../../../../arm-none-eabi/lib/thumb/v7-m/nofp\libg_nano.a(lib_a-impure.o)
 .ARM.attributes
                0x00000000000003b1       0x2d c:/users/kovalev/appdata/roaming/xpacks/@gnu-mcu-eclipse/arm-none-eabi-gcc/8.2.1-1.7.1/.content/bin/../lib/gcc/arm-none-eabi/8.2.1/../../../../arm-none-eabi/lib/thumb/v7-m/nofp\libg_nano.a(lib_a-memcpy-stub.o)
 .ARM.attributes
                0x00000000000003de       0x2d c:/users/kovalev/appdata/roaming/xpacks/@gnu-mcu-eclipse/arm-none-eabi-gcc/8.2.1-1.7.1/.content/bin/../lib/gcc/arm-none-eabi/8.2.1/../../../../arm-none-eabi/lib/thumb/v7-m/nofp\libg_nano.a(lib_a-vsnprintf.o)
 .ARM.attributes
                0x000000000000040b       0x2d c:/users/kovalev/appdata/roaming/xpacks/@gnu-mcu-eclipse/arm-none-eabi-gcc/8.2.1-1.7.1/.content/bin/../lib/gcc/arm-none-eabi/8.2.1/../../../../arm-none-eabi/lib/thumb/v7-m/nofp\libg_nano.a(lib_a-nano-svfprintf.o)
 .ARM.attributes
                0x0000000000000438       0x2d c:/users/kovalev/appdata/roaming/xpacks/@gnu-mcu-eclipse/arm-none-eabi-gcc/8.2.1-1.7.1/.content/bin/../lib/gcc/arm-none-eabi/8.2.1/../../../../arm-none-eabi/lib/thumb/v7-m/nofp\libg_nano.a(lib_a-nano-vfprintf_i.o)
 .ARM.attributes
                0x0000000000000465       0x2d c:/users/kovalev/appdata/roaming/xpacks/@gnu-mcu-eclipse/arm-none-eabi-gcc/8.2.1-1.7.1/.content/bin/../lib/gcc/arm-none-eabi/8.2.1/../../../../arm-none-eabi/lib/thumb/v7-m/nofp\libg_nano.a(lib_a-memchr-stub.o)
 .ARM.attributes
                0x0000000000000492       0x2d c:/users/kovalev/appdata/roaming/xpacks/@gnu-mcu-eclipse/arm-none-eabi-gcc/8.2.1-1.7.1/.content/bin/../lib/gcc/arm-none-eabi/8.2.1/../../../../arm-none-eabi/lib/thumb/v7-m/nofp\libg_nano.a(lib_a-memmove.o)
 .ARM.attributes
                0x00000000000004bf       0x2d c:/users/kovalev/appdata/roaming/xpacks/@gnu-mcu-eclipse/arm-none-eabi-gcc/8.2.1-1.7.1/.content/bin/../lib/gcc/arm-none-eabi/8.2.1/../../../../arm-none-eabi/lib/thumb/v7-m/nofp\libg_nano.a(lib_a-nano-freer.o)
 .ARM.attributes
                0x00000000000004ec       0x2d c:/users/kovalev/appdata/roaming/xpacks/@gnu-mcu-eclipse/arm-none-eabi-gcc/8.2.1-1.7.1/.content/bin/../lib/gcc/arm-none-eabi/8.2.1/../../../../arm-none-eabi/lib/thumb/v7-m/nofp\libg_nano.a(lib_a-nano-mallocr.o)
 .ARM.attributes
                0x0000000000000519       0x2d c:/users/kovalev/appdata/roaming/xpacks/@gnu-mcu-eclipse/arm-none-eabi-gcc/8.2.1-1.7.1/.content/bin/../lib/gcc/arm-none-eabi/8.2.1/../../../../arm-none-eabi/lib/thumb/v7-m/nofp\libg_nano.a(lib_a-nano-reallocr.o)
 .ARM.attributes
                0x0000000000000546       0x2d c:/users/kovalev/appdata/roaming/xpacks/@gnu-mcu-eclipse/arm-none-eabi-gcc/8.2.1-1.7.1/.content/bin/../lib/gcc/arm-none-eabi/8.2.1/../../../../arm-none-eabi/lib/thumb/v7-m/nofp\libg_nano.a(lib_a-sbrkr.o)
 .ARM.attributes
                0x0000000000000573       0x2d c:/users/kovalev/appdata/roaming/xpacks/@gnu-mcu-eclipse/arm-none-eabi-gcc/8.2.1-1.7.1/.content/bin/../lib/gcc/arm-none-eabi/8.2.1/../../../../arm-none-eabi/lib/thumb/v7-m/nofp\libg_nano.a(lib_a-mlock.o)
 .ARM.attributes
                0x00000000000005a0       0x2d c:/users/kovalev/appdata/roaming/xpacks/@gnu-mcu-eclipse/arm-none-eabi-gcc/8.2.1-1.7.1/.content/bin/../lib/gcc/arm-none-eabi/8.2.1/../../../../arm-none-eabi/lib/thumb/v7-m/nofp\libg_nano.a(lib_a-nano-msizer.o)
 .ARM.attributes
                0x00000000000005cd       0x2d c:/users/kovalev/appdata/roaming/xpacks/@gnu-mcu-eclipse/arm-none-eabi-gcc/8.2.1-1.7.1/.content/bin/../lib/gcc/arm-none-eabi/8.2.1/../../../../arm-none-eabi/lib/thumb/v7-m/nofp\libg_nano.a(lib_a-lock.o)

.debug
 *(.debug)

.line
 *(.line)

.debug_srcinfo
 *(.debug_srcinfo)

.debug_sfnames
 *(.debug_sfnames)

.debug_aranges  0x0000000000000000      0x718
 *(.debug_aranges)
 .debug_aranges
                0x0000000000000000       0x28 ./System/Src/newlib/exit.o
 .debug_aranges
                0x0000000000000028       0x20 ./System/Src/newlib/sbrk.o
 .debug_aranges
                0x0000000000000048       0x40 ./System/Src/newlib/startup.o
 .debug_aranges
                0x0000000000000088       0x30 ./System/Src/newlib/syscalls.o
 .debug_aranges
                0x00000000000000b8       0xe8 ./System/Src/gd32f10x/gd32f10x_can.o
 .debug_aranges
                0x00000000000001a0       0x78 ./System/Src/gd32f10x/gd32f10x_exti.o
 .debug_aranges
                0x0000000000000218       0xa0 ./System/Src/gd32f10x/gd32f10x_gpio.o
 .debug_aranges
                0x00000000000002b8       0x60 ./System/Src/gd32f10x/gd32f10x_it.o
 .debug_aranges
                0x0000000000000318       0x50 ./System/Src/gd32f10x/gd32f10x_misc.o
 .debug_aranges
                0x0000000000000368      0x138 ./System/Src/gd32f10x/gd32f10x_rcu.o
 .debug_aranges
                0x00000000000004a0       0x30 ./System/Src/diag/trace-impl.o
 .debug_aranges
                0x00000000000004d0       0x38 ./System/Src/diag/trace.o
 .debug_aranges
                0x0000000000000508       0x90 ./System/Src/cortexm/exception-handlers.o
 .debug_aranges
                0x0000000000000598       0x28 ./System/Src/cortexm/initialize-hardware.o
 .debug_aranges
                0x00000000000005c0       0x38 ./System/Src/CMSIS/system_gd32f10x.o
 .debug_aranges
                0x00000000000005f8       0x20 ./System/Src/CMSIS/vectors_gd32f10x.o
 .debug_aranges
                0x0000000000000618       0x50 ./Src/gd32f10x_eval.o
 .debug_aranges
                0x0000000000000668       0x78 ./Src/main.o
 .debug_aranges
                0x00000000000006e0       0x38 ./Src/timer.o

.debug_pubnames
 *(.debug_pubnames)

.debug_info     0x0000000000000000    0x10da5
 *(.debug_info .gnu.linkonce.wi.*)
 .debug_info    0x0000000000000000      0x9e7 ./System/Src/newlib/exit.o
 .debug_info    0x00000000000009e7      0x9d4 ./System/Src/newlib/sbrk.o
 .debug_info    0x00000000000013bb      0x4ce ./System/Src/newlib/startup.o
 .debug_info    0x0000000000001889      0xab9 ./System/Src/newlib/syscalls.o
 .debug_info    0x0000000000002342     0x17d4 ./System/Src/gd32f10x/gd32f10x_can.o
 .debug_info    0x0000000000003b16      0xc94 ./System/Src/gd32f10x/gd32f10x_exti.o
 .debug_info    0x00000000000047aa     0x1069 ./System/Src/gd32f10x/gd32f10x_gpio.o
 .debug_info    0x0000000000005813      0xb46 ./System/Src/gd32f10x/gd32f10x_it.o
 .debug_info    0x0000000000006359      0xe72 ./System/Src/gd32f10x/gd32f10x_misc.o
 .debug_info    0x00000000000071cb     0x16f4 ./System/Src/gd32f10x/gd32f10x_rcu.o
 .debug_info    0x00000000000088bf      0xc52 ./System/Src/diag/trace-impl.o
 .debug_info    0x0000000000009511      0xbdb ./System/Src/diag/trace.o
 .debug_info    0x000000000000a0ec     0x1287 ./System/Src/cortexm/exception-handlers.o
 .debug_info    0x000000000000b373      0xb8b ./System/Src/cortexm/initialize-hardware.o
 .debug_info    0x000000000000befe      0xa7a ./System/Src/CMSIS/system_gd32f10x.o
 .debug_info    0x000000000000c978       0xce ./System/Src/CMSIS/vectors_gd32f10x.o
 .debug_info    0x000000000000ca46     0x1413 ./Src/gd32f10x_eval.o
 .debug_info    0x000000000000de59     0x2019 ./Src/main.o
 .debug_info    0x000000000000fe72      0xf33 ./Src/timer.o

.debug_abbrev   0x0000000000000000     0x31ba
 *(.debug_abbrev)
 .debug_abbrev  0x0000000000000000      0x222 ./System/Src/newlib/exit.o
 .debug_abbrev  0x0000000000000222      0x232 ./System/Src/newlib/sbrk.o
 .debug_abbrev  0x0000000000000454      0x1d7 ./System/Src/newlib/startup.o
 .debug_abbrev  0x000000000000062b      0x26d ./System/Src/newlib/syscalls.o
 .debug_abbrev  0x0000000000000898      0x37d ./System/Src/gd32f10x/gd32f10x_can.o
 .debug_abbrev  0x0000000000000c15      0x282 ./System/Src/gd32f10x/gd32f10x_exti.o
 .debug_abbrev  0x0000000000000e97      0x350 ./System/Src/gd32f10x/gd32f10x_gpio.o
 .debug_abbrev  0x00000000000011e7      0x26a ./System/Src/gd32f10x/gd32f10x_it.o
 .debug_abbrev  0x0000000000001451      0x28c ./System/Src/gd32f10x/gd32f10x_misc.o
 .debug_abbrev  0x00000000000016dd      0x343 ./System/Src/gd32f10x/gd32f10x_rcu.o
 .debug_abbrev  0x0000000000001a20      0x34e ./System/Src/diag/trace-impl.o
 .debug_abbrev  0x0000000000001d6e      0x2c6 ./System/Src/diag/trace.o
 .debug_abbrev  0x0000000000002034      0x372 ./System/Src/cortexm/exception-handlers.o
 .debug_abbrev  0x00000000000023a6      0x20a ./System/Src/cortexm/initialize-hardware.o
 .debug_abbrev  0x00000000000025b0      0x24f ./System/Src/CMSIS/system_gd32f10x.o
 .debug_abbrev  0x00000000000027ff       0xa5 ./System/Src/CMSIS/vectors_gd32f10x.o
 .debug_abbrev  0x00000000000028a4      0x314 ./Src/gd32f10x_eval.o
 .debug_abbrev  0x0000000000002bb8      0x314 ./Src/main.o
 .debug_abbrev  0x0000000000002ecc      0x2ee ./Src/timer.o

.debug_line     0x0000000000000000     0x8d7e
 *(.debug_line)
 .debug_line    0x0000000000000000      0x405 ./System/Src/newlib/exit.o
 .debug_line    0x0000000000000405      0x3fa ./System/Src/newlib/sbrk.o
 .debug_line    0x00000000000007ff      0x61b ./System/Src/newlib/startup.o
 .debug_line    0x0000000000000e1a      0x509 ./System/Src/newlib/syscalls.o
 .debug_line    0x0000000000001323     0x114d ./System/Src/gd32f10x/gd32f10x_can.o
 .debug_line    0x0000000000002470      0x77b ./System/Src/gd32f10x/gd32f10x_exti.o
 .debug_line    0x0000000000002beb      0xa2a ./System/Src/gd32f10x/gd32f10x_gpio.o
 .debug_line    0x0000000000003615      0x6c1 ./System/Src/gd32f10x/gd32f10x_it.o
 .debug_line    0x0000000000003cd6      0x6ee ./System/Src/gd32f10x/gd32f10x_misc.o
 .debug_line    0x00000000000043c4      0xdda ./System/Src/gd32f10x/gd32f10x_rcu.o
 .debug_line    0x000000000000519e      0x75d ./System/Src/diag/trace-impl.o
 .debug_line    0x00000000000058fb      0x4e2 ./System/Src/diag/trace.o
 .debug_line    0x0000000000005ddd      0x93c ./System/Src/cortexm/exception-handlers.o
 .debug_line    0x0000000000006719      0x5c2 ./System/Src/cortexm/initialize-hardware.o
 .debug_line    0x0000000000006cdb      0x7a2 ./System/Src/CMSIS/system_gd32f10x.o
 .debug_line    0x000000000000747d      0x135 ./System/Src/CMSIS/vectors_gd32f10x.o
 .debug_line    0x00000000000075b2      0x6a0 ./Src/gd32f10x_eval.o
 .debug_line    0x0000000000007c52      0xaa8 ./Src/main.o
 .debug_line    0x00000000000086fa      0x684 ./Src/timer.o

.debug_frame    0x0000000000000000     0x1240
 *(.debug_frame)
 .debug_frame   0x0000000000000000       0x38 ./System/Src/newlib/exit.o
 .debug_frame   0x0000000000000038       0x28 ./System/Src/newlib/sbrk.o
 .debug_frame   0x0000000000000060       0x7c ./System/Src/newlib/startup.o
 .debug_frame   0x00000000000000dc       0x50 ./System/Src/newlib/syscalls.o
 .debug_frame   0x000000000000012c      0x214 ./System/Src/gd32f10x/gd32f10x_can.o
 .debug_frame   0x0000000000000340       0xe0 ./System/Src/gd32f10x/gd32f10x_exti.o
 .debug_frame   0x0000000000000420      0x160 ./System/Src/gd32f10x/gd32f10x_gpio.o
 .debug_frame   0x0000000000000580       0xa8 ./System/Src/gd32f10x/gd32f10x_it.o
 .debug_frame   0x0000000000000628       0x8c ./System/Src/gd32f10x/gd32f10x_misc.o
 .debug_frame   0x00000000000006b4      0x278 ./System/Src/gd32f10x/gd32f10x_rcu.o
 .debug_frame   0x000000000000092c       0x64 ./System/Src/diag/trace-impl.o
 .debug_frame   0x0000000000000990       0x94 ./System/Src/diag/trace.o
 .debug_frame   0x0000000000000a24      0x158 ./System/Src/cortexm/exception-handlers.o
 .debug_frame   0x0000000000000b7c       0x40 ./System/Src/cortexm/initialize-hardware.o
 .debug_frame   0x0000000000000bbc       0x60 ./System/Src/CMSIS/system_gd32f10x.o
 .debug_frame   0x0000000000000c1c       0x20 ./System/Src/CMSIS/vectors_gd32f10x.o
 .debug_frame   0x0000000000000c3c       0xb8 ./Src/gd32f10x_eval.o
 .debug_frame   0x0000000000000cf4      0x150 ./Src/main.o
 .debug_frame   0x0000000000000e44       0x58 ./Src/timer.o
 .debug_frame   0x0000000000000e9c       0x20 c:/users/kovalev/appdata/roaming/xpacks/@gnu-mcu-eclipse/arm-none-eabi-gcc/8.2.1-1.7.1/.content/bin/../lib/gcc/arm-none-eabi/8.2.1/../../../../arm-none-eabi/lib/thumb/v7-m/nofp\libg_nano.a(lib_a-errno.o)
 .debug_frame   0x0000000000000ebc       0x28 c:/users/kovalev/appdata/roaming/xpacks/@gnu-mcu-eclipse/arm-none-eabi-gcc/8.2.1-1.7.1/.content/bin/../lib/gcc/arm-none-eabi/8.2.1/../../../../arm-none-eabi/lib/thumb/v7-m/nofp\libg_nano.a(lib_a-memcpy-stub.o)
 .debug_frame   0x0000000000000ee4       0x4c c:/users/kovalev/appdata/roaming/xpacks/@gnu-mcu-eclipse/arm-none-eabi-gcc/8.2.1-1.7.1/.content/bin/../lib/gcc/arm-none-eabi/8.2.1/../../../../arm-none-eabi/lib/thumb/v7-m/nofp\libg_nano.a(lib_a-vsnprintf.o)
 .debug_frame   0x0000000000000f30       0x90 c:/users/kovalev/appdata/roaming/xpacks/@gnu-mcu-eclipse/arm-none-eabi-gcc/8.2.1-1.7.1/.content/bin/../lib/gcc/arm-none-eabi/8.2.1/../../../../arm-none-eabi/lib/thumb/v7-m/nofp\libg_nano.a(lib_a-nano-svfprintf.o)
 .debug_frame   0x0000000000000fc0       0x60 c:/users/kovalev/appdata/roaming/xpacks/@gnu-mcu-eclipse/arm-none-eabi-gcc/8.2.1-1.7.1/.content/bin/../lib/gcc/arm-none-eabi/8.2.1/../../../../arm-none-eabi/lib/thumb/v7-m/nofp\libg_nano.a(lib_a-nano-vfprintf_i.o)
 .debug_frame   0x0000000000001020       0x28 c:/users/kovalev/appdata/roaming/xpacks/@gnu-mcu-eclipse/arm-none-eabi-gcc/8.2.1-1.7.1/.content/bin/../lib/gcc/arm-none-eabi/8.2.1/../../../../arm-none-eabi/lib/thumb/v7-m/nofp\libg_nano.a(lib_a-memchr-stub.o)
 .debug_frame   0x0000000000001048       0x28 c:/users/kovalev/appdata/roaming/xpacks/@gnu-mcu-eclipse/arm-none-eabi-gcc/8.2.1-1.7.1/.content/bin/../lib/gcc/arm-none-eabi/8.2.1/../../../../arm-none-eabi/lib/thumb/v7-m/nofp\libg_nano.a(lib_a-memmove.o)
 .debug_frame   0x0000000000001070       0x38 c:/users/kovalev/appdata/roaming/xpacks/@gnu-mcu-eclipse/arm-none-eabi-gcc/8.2.1-1.7.1/.content/bin/../lib/gcc/arm-none-eabi/8.2.1/../../../../arm-none-eabi/lib/thumb/v7-m/nofp\libg_nano.a(lib_a-nano-freer.o)
 .debug_frame   0x00000000000010a8       0x30 c:/users/kovalev/appdata/roaming/xpacks/@gnu-mcu-eclipse/arm-none-eabi-gcc/8.2.1-1.7.1/.content/bin/../lib/gcc/arm-none-eabi/8.2.1/../../../../arm-none-eabi/lib/thumb/v7-m/nofp\libg_nano.a(lib_a-nano-mallocr.o)
 .debug_frame   0x00000000000010d8       0x3c c:/users/kovalev/appdata/roaming/xpacks/@gnu-mcu-eclipse/arm-none-eabi-gcc/8.2.1-1.7.1/.content/bin/../lib/gcc/arm-none-eabi/8.2.1/../../../../arm-none-eabi/lib/thumb/v7-m/nofp\libg_nano.a(lib_a-nano-reallocr.o)
 .debug_frame   0x0000000000001114       0x2c c:/users/kovalev/appdata/roaming/xpacks/@gnu-mcu-eclipse/arm-none-eabi-gcc/8.2.1-1.7.1/.content/bin/../lib/gcc/arm-none-eabi/8.2.1/../../../../arm-none-eabi/lib/thumb/v7-m/nofp\libg_nano.a(lib_a-sbrkr.o)
 .debug_frame   0x0000000000001140       0x30 c:/users/kovalev/appdata/roaming/xpacks/@gnu-mcu-eclipse/arm-none-eabi-gcc/8.2.1-1.7.1/.content/bin/../lib/gcc/arm-none-eabi/8.2.1/../../../../arm-none-eabi/lib/thumb/v7-m/nofp\libg_nano.a(lib_a-mlock.o)
 .debug_frame   0x0000000000001170       0x20 c:/users/kovalev/appdata/roaming/xpacks/@gnu-mcu-eclipse/arm-none-eabi-gcc/8.2.1-1.7.1/.content/bin/../lib/gcc/arm-none-eabi/8.2.1/../../../../arm-none-eabi/lib/thumb/v7-m/nofp\libg_nano.a(lib_a-nano-msizer.o)
 .debug_frame   0x0000000000001190       0xb0 c:/users/kovalev/appdata/roaming/xpacks/@gnu-mcu-eclipse/arm-none-eabi-gcc/8.2.1-1.7.1/.content/bin/../lib/gcc/arm-none-eabi/8.2.1/../../../../arm-none-eabi/lib/thumb/v7-m/nofp\libg_nano.a(lib_a-lock.o)

.debug_str      0x0000000000000000    0x2fad5
 *(.debug_str)
 .debug_str     0x0000000000000000     0x7ca0 ./System/Src/newlib/exit.o
                                       0x7e67 (size before relaxing)
 .debug_str     0x0000000000007ca0      0x4f4 ./System/Src/newlib/sbrk.o
                                       0x7219 (size before relaxing)
 .debug_str     0x0000000000008194      0xbb3 ./System/Src/newlib/startup.o
                                       0x6954 (size before relaxing)
 .debug_str     0x0000000000008d47      0xdee ./System/Src/newlib/syscalls.o
                                       0x8065 (size before relaxing)
 .debug_str     0x0000000000009b35    0x232fc ./System/Src/gd32f10x/gd32f10x_can.o
                                      0x29ecd (size before relaxing)
 .debug_str     0x000000000002ce31      0x268 ./System/Src/gd32f10x/gd32f10x_exti.o
                                      0x29439 (size before relaxing)
 .debug_str     0x000000000002d099      0x344 ./System/Src/gd32f10x/gd32f10x_gpio.o
                                      0x2972f (size before relaxing)
 .debug_str     0x000000000002d3dd      0x5de ./System/Src/gd32f10x/gd32f10x_it.o
                                      0x2981a (size before relaxing)
 .debug_str     0x000000000002d9bb      0x221 ./System/Src/gd32f10x/gd32f10x_misc.o
                                      0x293d5 (size before relaxing)
 .debug_str     0x000000000002dbdc      0x998 ./System/Src/gd32f10x/gd32f10x_rcu.o
                                      0x29d9e (size before relaxing)
 .debug_str     0x000000000002e574      0x379 ./System/Src/diag/trace-impl.o
                                      0x2b225 (size before relaxing)
 .debug_str     0x000000000002e8ed      0x81a ./System/Src/diag/trace.o
                                       0x85e0 (size before relaxing)
 .debug_str     0x000000000002f107      0x11d ./System/Src/cortexm/exception-handlers.o
                                      0x2b3af (size before relaxing)
 .debug_str     0x000000000002f224       0x5d ./System/Src/cortexm/initialize-hardware.o
                                      0x292a5 (size before relaxing)
 .debug_str     0x000000000002f281      0x107 ./System/Src/CMSIS/system_gd32f10x.o
                                      0x29304 (size before relaxing)
 .debug_str     0x000000000002f388       0x56 ./System/Src/CMSIS/vectors_gd32f10x.o
                                       0x38e8 (size before relaxing)
 .debug_str     0x000000000002f3de      0x53a ./Src/gd32f10x_eval.o
                                      0x29f73 (size before relaxing)
 .debug_str     0x000000000002f918      0x173 ./Src/main.o
                                      0x2c434 (size before relaxing)
 .debug_str     0x000000000002fa8b       0x4a ./Src/timer.o
                                      0x2967f (size before relaxing)

.debug_loc      0x0000000000000000     0x2eb9
 *(.debug_loc)
 .debug_loc     0x0000000000000000       0x15 ./System/Src/newlib/exit.o
 .debug_loc     0x0000000000000015       0x97 ./System/Src/newlib/sbrk.o
 .debug_loc     0x00000000000000ac      0x2a6 ./System/Src/newlib/startup.o
 .debug_loc     0x0000000000000352       0x6f ./System/Src/newlib/syscalls.o
 .debug_loc     0x00000000000003c1      0xbc8 ./System/Src/gd32f10x/gd32f10x_can.o
 .debug_loc     0x0000000000000f89      0x2c6 ./System/Src/gd32f10x/gd32f10x_exti.o
 .debug_loc     0x000000000000124f      0x5e9 ./System/Src/gd32f10x/gd32f10x_gpio.o
 .debug_loc     0x0000000000001838      0x26b ./System/Src/gd32f10x/gd32f10x_misc.o
 .debug_loc     0x0000000000001aa3      0xa66 ./System/Src/gd32f10x/gd32f10x_rcu.o
 .debug_loc     0x0000000000002509      0x1a1 ./System/Src/diag/trace-impl.o
 .debug_loc     0x00000000000026aa      0x118 ./System/Src/diag/trace.o
 .debug_loc     0x00000000000027c2      0x35c ./System/Src/cortexm/exception-handlers.o
 .debug_loc     0x0000000000002b1e      0x14c ./System/Src/CMSIS/system_gd32f10x.o
 .debug_loc     0x0000000000002c6a      0x119 ./Src/gd32f10x_eval.o
 .debug_loc     0x0000000000002d83       0xd3 ./Src/main.o
 .debug_loc     0x0000000000002e56       0x63 ./Src/timer.o

.debug_macinfo
 *(.debug_macinfo)

.debug_weaknames
 *(.debug_weaknames)

.debug_funcnames
 *(.debug_funcnames)

.debug_typenames
 *(.debug_typenames)

.debug_varnames
 *(.debug_varnames)
OUTPUT(gd32f103_template.elf elf32-littlearm)

.debug_ranges   0x0000000000000000      0x630
 .debug_ranges  0x0000000000000000       0x18 ./System/Src/newlib/exit.o
 .debug_ranges  0x0000000000000018       0x10 ./System/Src/newlib/sbrk.o
 .debug_ranges  0x0000000000000028       0x48 ./System/Src/newlib/startup.o
 .debug_ranges  0x0000000000000070       0x20 ./System/Src/newlib/syscalls.o
 .debug_ranges  0x0000000000000090       0xd8 ./System/Src/gd32f10x/gd32f10x_can.o
 .debug_ranges  0x0000000000000168       0x68 ./System/Src/gd32f10x/gd32f10x_exti.o
 .debug_ranges  0x00000000000001d0       0x90 ./System/Src/gd32f10x/gd32f10x_gpio.o
 .debug_ranges  0x0000000000000260       0x50 ./System/Src/gd32f10x/gd32f10x_it.o
 .debug_ranges  0x00000000000002b0       0x40 ./System/Src/gd32f10x/gd32f10x_misc.o
 .debug_ranges  0x00000000000002f0      0x128 ./System/Src/gd32f10x/gd32f10x_rcu.o
 .debug_ranges  0x0000000000000418       0x38 ./System/Src/diag/trace-impl.o
 .debug_ranges  0x0000000000000450       0x28 ./System/Src/diag/trace.o
 .debug_ranges  0x0000000000000478       0x98 ./System/Src/cortexm/exception-handlers.o
 .debug_ranges  0x0000000000000510       0x18 ./System/Src/cortexm/initialize-hardware.o
 .debug_ranges  0x0000000000000528       0x28 ./System/Src/CMSIS/system_gd32f10x.o
 .debug_ranges  0x0000000000000550       0x10 ./System/Src/CMSIS/vectors_gd32f10x.o
 .debug_ranges  0x0000000000000560       0x40 ./Src/gd32f10x_eval.o
 .debug_ranges  0x00000000000005a0       0x68 ./Src/main.o
 .debug_ranges  0x0000000000000608       0x28 ./Src/timer.o

.debug_macro    0x0000000000000000     0x6787
 .debug_macro   0x0000000000000000      0x1b4 ./System/Src/newlib/exit.o
 .debug_macro   0x00000000000001b4      0x169 ./System/Src/newlib/sbrk.o
 .debug_macro   0x000000000000031d      0x174 ./System/Src/newlib/sbrk.o
 .debug_macro   0x0000000000000491       0x10 ./System/Src/newlib/sbrk.o
 .debug_macro   0x00000000000004a1      0x23b ./System/Src/newlib/sbrk.o
 .debug_macro   0x00000000000006dc      0x173 ./System/Src/newlib/startup.o
 .debug_macro   0x000000000000084f      0x1f3 ./System/Src/newlib/syscalls.o
 .debug_macro   0x0000000000000a42       0x1c ./System/Src/newlib/syscalls.o
 .debug_macro   0x0000000000000a5e       0x10 ./System/Src/newlib/syscalls.o
 .debug_macro   0x0000000000000a6e       0x10 ./System/Src/newlib/syscalls.o
 .debug_macro   0x0000000000000a7e       0x10 ./System/Src/newlib/syscalls.o
 .debug_macro   0x0000000000000a8e       0x35 ./System/Src/newlib/syscalls.o
 .debug_macro   0x0000000000000ac3      0x122 ./System/Src/newlib/syscalls.o
 .debug_macro   0x0000000000000be5       0x88 ./System/Src/newlib/syscalls.o
 .debug_macro   0x0000000000000c6d      0x10c ./System/Src/newlib/syscalls.o
 .debug_macro   0x0000000000000d79      0x189 ./System/Src/newlib/syscalls.o
 .debug_macro   0x0000000000000f02       0x16 ./System/Src/newlib/syscalls.o
 .debug_macro   0x0000000000000f18      0x257 ./System/Src/gd32f10x/gd32f10x_can.o
 .debug_macro   0x000000000000116f      0x1ac ./System/Src/gd32f10x/gd32f10x_can.o
 .debug_macro   0x000000000000131b      0x8eb ./System/Src/gd32f10x/gd32f10x_can.o
 .debug_macro   0x0000000000001c06      0x24b ./System/Src/gd32f10x/gd32f10x_exti.o
 .debug_macro   0x0000000000001e51      0x334 ./System/Src/gd32f10x/gd32f10x_exti.o
 .debug_macro   0x0000000000002185      0x27b ./System/Src/gd32f10x/gd32f10x_gpio.o
 .debug_macro   0x0000000000002400      0x798 ./System/Src/gd32f10x/gd32f10x_gpio.o
 .debug_macro   0x0000000000002b98      0x248 ./System/Src/gd32f10x/gd32f10x_it.o
 .debug_macro   0x0000000000002de0      0x118 ./System/Src/gd32f10x/gd32f10x_it.o
 .debug_macro   0x0000000000002ef8      0x245 ./System/Src/gd32f10x/gd32f10x_misc.o
 .debug_macro   0x000000000000313d       0x6a ./System/Src/gd32f10x/gd32f10x_misc.o
 .debug_macro   0x00000000000031a7      0x263 ./System/Src/gd32f10x/gd32f10x_rcu.o
 .debug_macro   0x000000000000340a      0x84d ./System/Src/gd32f10x/gd32f10x_rcu.o
 .debug_macro   0x0000000000003c57      0x314 ./System/Src/diag/trace-impl.o
 .debug_macro   0x0000000000003f6b       0x22 ./System/Src/diag/trace-impl.o
 .debug_macro   0x0000000000003f8d      0x1fb ./System/Src/diag/trace.o
 .debug_macro   0x0000000000004188       0x16 ./System/Src/diag/trace.o
 .debug_macro   0x000000000000419e       0x97 ./System/Src/diag/trace.o
 .debug_macro   0x0000000000004235       0xfd ./System/Src/diag/trace.o
 .debug_macro   0x0000000000004332       0x10 ./System/Src/diag/trace.o
 .debug_macro   0x0000000000004342       0x16 ./System/Src/diag/trace.o
 .debug_macro   0x0000000000004358      0x16f ./System/Src/diag/trace.o
 .debug_macro   0x00000000000044c7       0x4c ./System/Src/diag/trace.o
 .debug_macro   0x0000000000004513       0x16 ./System/Src/diag/trace.o
 .debug_macro   0x0000000000004529      0x346 ./System/Src/cortexm/exception-handlers.o
 .debug_macro   0x000000000000486f      0x245 ./System/Src/cortexm/initialize-hardware.o
 .debug_macro   0x0000000000004ab4      0x265 ./System/Src/CMSIS/system_gd32f10x.o
 .debug_macro   0x0000000000004d19       0x34 ./System/Src/CMSIS/vectors_gd32f10x.o
 .debug_macro   0x0000000000004d4d      0x24a ./Src/gd32f10x_eval.o
 .debug_macro   0x0000000000004f97      0x112 ./Src/gd32f10x_eval.o
 .debug_macro   0x00000000000050a9      0x363 ./Src/main.o
 .debug_macro   0x000000000000540c     0x110d ./Src/main.o
 .debug_macro   0x0000000000006519      0x25e ./Src/timer.o
 .debug_macro   0x0000000000006777       0x10 ./Src/timer.o
