Archive member included to satisfy reference by file (symbol)

c:/users/kovalev/appdata/roaming/xpacks/@gnu-mcu-eclipse/arm-none-eabi-gcc/8.2.1-1.7.1/.content/bin/../lib/gcc/arm-none-eabi/8.2.1/thumb/v7-m/nofp\libgcc.a(unwind-arm.o)
                              ./System/Src/newlib/cxx.o (__aeabi_unwind_cpp_pr1)
c:/users/kovalev/appdata/roaming/xpacks/@gnu-mcu-eclipse/arm-none-eabi-gcc/8.2.1-1.7.1/.content/bin/../lib/gcc/arm-none-eabi/8.2.1/thumb/v7-m/nofp\libgcc.a(libunwind.o)
                              c:/users/kovalev/appdata/roaming/xpacks/@gnu-mcu-eclipse/arm-none-eabi-gcc/8.2.1-1.7.1/.content/bin/../lib/gcc/arm-none-eabi/8.2.1/thumb/v7-m/nofp\libgcc.a(unwind-arm.o) (restore_core_regs)
c:/users/kovalev/appdata/roaming/xpacks/@gnu-mcu-eclipse/arm-none-eabi-gcc/8.2.1-1.7.1/.content/bin/../lib/gcc/arm-none-eabi/8.2.1/thumb/v7-m/nofp\libgcc.a(pr-support.o)
                              c:/users/kovalev/appdata/roaming/xpacks/@gnu-mcu-eclipse/arm-none-eabi-gcc/8.2.1-1.7.1/.content/bin/../lib/gcc/arm-none-eabi/8.2.1/thumb/v7-m/nofp\libgcc.a(unwind-arm.o) (__gnu_unwind_execute)
c:/users/kovalev/appdata/roaming/xpacks/@gnu-mcu-eclipse/arm-none-eabi-gcc/8.2.1-1.7.1/.content/bin/../lib/gcc/arm-none-eabi/8.2.1/../../../../arm-none-eabi/lib/thumb/v7-m/nofp\libg_nano.a(lib_a-errno.o)
                              ./System/Src/newlib/sbrk.o (__errno)
c:/users/kovalev/appdata/roaming/xpacks/@gnu-mcu-eclipse/arm-none-eabi-gcc/8.2.1-1.7.1/.content/bin/../lib/gcc/arm-none-eabi/8.2.1/../../../../arm-none-eabi/lib/thumb/v7-m/nofp\libg_nano.a(lib_a-impure.o)
                              c:/users/kovalev/appdata/roaming/xpacks/@gnu-mcu-eclipse/arm-none-eabi-gcc/8.2.1-1.7.1/.content/bin/../lib/gcc/arm-none-eabi/8.2.1/../../../../arm-none-eabi/lib/thumb/v7-m/nofp\libg_nano.a(lib_a-errno.o) (_impure_ptr)
c:/users/kovalev/appdata/roaming/xpacks/@gnu-mcu-eclipse/arm-none-eabi-gcc/8.2.1-1.7.1/.content/bin/../lib/gcc/arm-none-eabi/8.2.1/../../../../arm-none-eabi/lib/thumb/v7-m/nofp\libg_nano.a(lib_a-memcpy-stub.o)
                              c:/users/kovalev/appdata/roaming/xpacks/@gnu-mcu-eclipse/arm-none-eabi-gcc/8.2.1-1.7.1/.content/bin/../lib/gcc/arm-none-eabi/8.2.1/thumb/v7-m/nofp\libgcc.a(unwind-arm.o) (memcpy)
c:/users/kovalev/appdata/roaming/xpacks/@gnu-mcu-eclipse/arm-none-eabi-gcc/8.2.1-1.7.1/.content/bin/../lib/gcc/arm-none-eabi/8.2.1/../../../../arm-none-eabi/lib/thumb/v7-m/nofp\libg_nano.a(lib_a-strlen.o)
                              ./System/Src/diag/trace.o (strlen)
c:/users/kovalev/appdata/roaming/xpacks/@gnu-mcu-eclipse/arm-none-eabi-gcc/8.2.1-1.7.1/.content/bin/../lib/gcc/arm-none-eabi/8.2.1/../../../../arm-none-eabi/lib/thumb/v7-m/nofp\libg_nano.a(lib_a-vsnprintf.o)
                              ./System/Src/diag/trace.o (vsnprintf)
c:/users/kovalev/appdata/roaming/xpacks/@gnu-mcu-eclipse/arm-none-eabi-gcc/8.2.1-1.7.1/.content/bin/../lib/gcc/arm-none-eabi/8.2.1/../../../../arm-none-eabi/lib/thumb/v7-m/nofp\libg_nano.a(lib_a-nano-svfprintf.o)
                              c:/users/kovalev/appdata/roaming/xpacks/@gnu-mcu-eclipse/arm-none-eabi-gcc/8.2.1-1.7.1/.content/bin/../lib/gcc/arm-none-eabi/8.2.1/../../../../arm-none-eabi/lib/thumb/v7-m/nofp\libg_nano.a(lib_a-vsnprintf.o) (_svfprintf_r)
c:/users/kovalev/appdata/roaming/xpacks/@gnu-mcu-eclipse/arm-none-eabi-gcc/8.2.1-1.7.1/.content/bin/../lib/gcc/arm-none-eabi/8.2.1/../../../../arm-none-eabi/lib/thumb/v7-m/nofp\libg_nano.a(lib_a-nano-vfprintf_i.o)
                              c:/users/kovalev/appdata/roaming/xpacks/@gnu-mcu-eclipse/arm-none-eabi-gcc/8.2.1-1.7.1/.content/bin/../lib/gcc/arm-none-eabi/8.2.1/../../../../arm-none-eabi/lib/thumb/v7-m/nofp\libg_nano.a(lib_a-nano-svfprintf.o) (_printf_i)
c:/users/kovalev/appdata/roaming/xpacks/@gnu-mcu-eclipse/arm-none-eabi-gcc/8.2.1-1.7.1/.content/bin/../lib/gcc/arm-none-eabi/8.2.1/../../../../arm-none-eabi/lib/thumb/v7-m/nofp\libg_nano.a(lib_a-memchr-stub.o)
                              c:/users/kovalev/appdata/roaming/xpacks/@gnu-mcu-eclipse/arm-none-eabi-gcc/8.2.1-1.7.1/.content/bin/../lib/gcc/arm-none-eabi/8.2.1/../../../../arm-none-eabi/lib/thumb/v7-m/nofp\libg_nano.a(lib_a-nano-svfprintf.o) (memchr)
c:/users/kovalev/appdata/roaming/xpacks/@gnu-mcu-eclipse/arm-none-eabi-gcc/8.2.1-1.7.1/.content/bin/../lib/gcc/arm-none-eabi/8.2.1/../../../../arm-none-eabi/lib/thumb/v7-m/nofp\libg_nano.a(lib_a-memmove.o)
                              c:/users/kovalev/appdata/roaming/xpacks/@gnu-mcu-eclipse/arm-none-eabi-gcc/8.2.1-1.7.1/.content/bin/../lib/gcc/arm-none-eabi/8.2.1/../../../../arm-none-eabi/lib/thumb/v7-m/nofp\libg_nano.a(lib_a-nano-svfprintf.o) (memmove)
c:/users/kovalev/appdata/roaming/xpacks/@gnu-mcu-eclipse/arm-none-eabi-gcc/8.2.1-1.7.1/.content/bin/../lib/gcc/arm-none-eabi/8.2.1/../../../../arm-none-eabi/lib/thumb/v7-m/nofp\libg_nano.a(lib_a-nano-freer.o)
[...]
Memory Configuration

Name             Origin             Length             Attributes
FLASH            0x0000000008000000 0x0000000000010000 xr
RAM              0x0000000020000000 0x0000000000005000 xrw
CCMRAM           0x0000000010000000 0x0000000000000000 xrw
FLASHB1          0x0000000000000000 0x0000000000000000 xr
EXTMEMB0         0x0000000000000000 0x0000000000000000 xr
EXTMEMB1         0x0000000000000000 0x0000000000000000 xr
EXTMEMB2         0x0000000000000000 0x0000000000000000 xr
EXTMEMB3         0x0000000000000000 0x0000000000000000 xr
*default*        0x0000000000000000 0xffffffffffffffff

Linker script and memory map

LOAD ./System/Src/newlib/assert.o
LOAD ./System/Src/newlib/cxx.o
LOAD ./System/Src/newlib/exit.o
LOAD ./System/Src/newlib/sbrk.o
LOAD ./System/Src/newlib/startup.o
LOAD ./System/Src/newlib/syscalls.o
LOAD ./System/Src/gd32f10x/gd32f10x_adc.o
LOAD ./System/Src/gd32f10x/gd32f10x_bkp.o
LOAD ./System/Src/gd32f10x/gd32f10x_can.o
LOAD ./System/Src/gd32f10x/gd32f10x_crc.o
LOAD ./System/Src/gd32f10x/gd32f10x_dac.o
LOAD ./System/Src/gd32f10x/gd32f10x_dbg.o
LOAD ./System/Src/gd32f10x/gd32f10x_dma.o
LOAD ./System/Src/gd32f10x/gd32f10x_enet.o
LOAD ./System/Src/gd32f10x/gd32f10x_exmc.o
LOAD ./System/Src/gd32f10x/gd32f10x_exti.o
LOAD ./System/Src/gd32f10x/gd32f10x_fmc.o
LOAD ./System/Src/gd32f10x/gd32f10x_fwdgt.o
LOAD ./System/Src/gd32f10x/gd32f10x_gpio.o
LOAD ./System/Src/gd32f10x/gd32f10x_i2c.o
LOAD ./System/Src/gd32f10x/gd32f10x_it.o
LOAD ./System/Src/gd32f10x/gd32f10x_misc.o
LOAD ./System/Src/gd32f10x/gd32f10x_pmu.o
LOAD ./System/Src/gd32f10x/gd32f10x_rcu.o
LOAD ./System/Src/gd32f10x/gd32f10x_rtc.o
LOAD ./System/Src/gd32f10x/gd32f10x_sdio.o
LOAD ./System/Src/gd32f10x/gd32f10x_spi.o
LOAD ./System/Src/gd32f10x/gd32f10x_timer.o
LOAD ./System/Src/gd32f10x/gd32f10x_usart.o
LOAD ./System/Src/gd32f10x/gd32f10x_wwdgt.o
LOAD ./System/Src/diag/trace-impl.o
LOAD ./System/Src/diag/trace.o
LOAD ./System/Src/cortexm/exception-handlers.o
LOAD ./System/Src/cortexm/initialize-hardware.o
LOAD ./System/Src/cortexm/reset-hardware.o
LOAD ./System/Src/CMSIS/system_gd32f10x.o
LOAD ./System/Src/CMSIS/vectors_gd32f10x.o
LOAD ./Src/gd32f10x_eval.o
LOAD ./Src/main.o
LOAD ./Src/timer.o
LOAD ./Src/write.o
LOAD c:/users/kovalev/appdata/roaming/xpacks/@gnu-mcu-eclipse/arm-none-eabi-gcc/8.2.1-1.7.1/.content/bin/../lib/gcc/arm-none-eabi/8.2.1/../../../../arm-none-eabi/lib/thumb/v7-m/nofp\libstdc++_nano.a
LOAD c:/users/kovalev/appdata/roaming/xpacks/@gnu-mcu-eclipse/arm-none-eabi-gcc/8.2.1-1.7.1/.content/bin/../lib/gcc/arm-none-eabi/8.2.1/../../../../arm-none-eabi/lib/thumb/v7-m/nofp\libm.a
START GROUP
LOAD c:/users/kovalev/appdata/roaming/xpacks/@gnu-mcu-eclipse/arm-none-eabi-gcc/8.2.1-1.7.1/.content/bin/../lib/gcc/arm-none-eabi/8.2.1/thumb/v7-m/nofp\libgcc.a
LOAD c:/users/kovalev/appdata/roaming/xpacks/@gnu-mcu-eclipse/arm-none-eabi-gcc/8.2.1-1.7.1/.content/bin/../lib/gcc/arm-none-eabi/8.2.1/../../../../arm-none-eabi/lib/thumb/v7-m/nofp\libg_nano.a
LOAD c:/users/kovalev/appdata/roaming/xpacks/@gnu-mcu-eclipse/arm-none-eabi-gcc/8.2.1-1.7.1/.content/bin/../lib/gcc/arm-none-eabi/8.2.1/../../../../arm-none-eabi/lib/thumb/v7-m/nofp\libc_nano.a
END GROUP
START GROUP
LOAD c:/users/kovalev/appdata/roaming/xpacks/@gnu-mcu-eclipse/arm-none-eabi-gcc/8.2.1-1.7.1/.content/bin/../lib/gcc/arm-none-eabi/8.2.1/thumb/v7-m/nofp\libgcc.a
LOAD c:/users/kovalev/appdata/roaming/xpacks/@gnu-mcu-eclipse/arm-none-eabi-gcc/8.2.1-1.7.1/.content/bin/../lib/gcc/arm-none-eabi/8.2.1/../../../../arm-none-eabi/lib/thumb/v7-m/nofp\libc_nano.a
END GROUP
                0x0000000020005000                __stack = (ORIGIN (RAM) + LENGTH (RAM))
                0x0000000020005000                _estack = __stack
                0x0000000000000400                __Main_Stack_Size = 0x400
                [!provide]                        PROVIDE (_Main_Stack_Size = __Main_Stack_Size)
                0x0000000020004c00                __Main_Stack_Limit = (__stack - __Main_Stack_Size)
                [!provide]                        PROVIDE (_Main_Stack_Limit = __Main_Stack_Limit)
                0x0000000000000100                _Minimum_Stack_Size = 0x100
                0x00000000200001e4                PROVIDE (_Heap_Begin = _end_noinit)
                0x0000000020004c00                PROVIDE (_Heap_Limit = (__stack - __Main_Stack_Size))

.isr_vector     0x0000000008000000      0x286
 FILL mask 0xff
                0x0000000008000000                __vectors_start = ABSOLUTE (.)
                0x0000000008000000                __vectors_start__ = ABSOLUTE (.)
 *(.isr_vector)
 .isr_vector    0x0000000008000000       0x44 ./System/Src/CMSIS/vectors_gd32f10x.o
                0x0000000008000000                __isr_vectors
 *(.cfmconfig)
 *(.after_vectors .after_vectors.*)
 .after_vectors
                0x0000000008000044      0x114 ./System/Src/newlib/startup.o
                0x0000000008000044                _start
 .after_vectors
                0x0000000008000158      0x12c ./System/Src/cortexm/exception-handlers.o
                0x0000000008000158                Reset_Handler
                0x0000000008000176                HardFault_Handler_C
                0x00000000080001ec                BusFault_Handler_C
                0x0000000008000234                UsageFault_Handler_C
 .after_vectors
                0x0000000008000284        0x2 ./System/Src/CMSIS/vectors_gd32f10x.o
                0x0000000008000284                Default_Handler
                0x0000000008000284                DeviceInterrupt_Handler

.inits          0x0000000008000288       0x28
                0x0000000008000288                __data_regions_array_start = .
                0x0000000008000288        0x4 LONG 0x8001a48 LOADADDR (.data)
                0x000000000800028c        0x4 LONG 0x20000000 ADDR (.data)
                0x0000000008000290        0x4 LONG 0x20000078 (ADDR (.data) + SIZEOF (.data))
                0x0000000008000294        0x4 LONG 0x8001a48 LOADADDR (.data_CCMRAM)
                0x0000000008000298        0x4 LONG 0x10000000 ADDR (.data_CCMRAM)
                0x000000000800029c        0x4 LONG 0x10000000 (ADDR (.data_CCMRAM) + SIZEOF (.data_CCMRAM))
                0x00000000080002a0                __data_regions_array_end = .
                0x00000000080002a0                __bss_regions_array_start = .
                0x00000000080002a0        0x4 LONG 0x20000078 ADDR (.bss)
                0x00000000080002a4        0x4 LONG 0x200001e4 (ADDR (.bss) + SIZEOF (.bss))
                0x00000000080002a8        0x4 LONG 0x10000000 ADDR (.bss_CCMRAM)
                0x00000000080002ac        0x4 LONG 0x10000000 (ADDR (.bss_CCMRAM) + SIZEOF (.bss_CCMRAM))
                0x00000000080002b0                __bss_regions_array_end = .
 *(.init)
 *(.fini)
                0x00000000080002b0                . = ALIGN (0x4)
                0x00000000080002b0                PROVIDE (__preinit_array_start = .)
 *(.preinit_array_sysinit .preinit_array_sysinit.*)
 *(.preinit_array_platform .preinit_array_platform.*)
 *(.preinit_array .preinit_array.*)
                0x00000000080002b0                PROVIDE (__preinit_array_end = .)
                0x00000000080002b0                . = ALIGN (0x4)
                0x00000000080002b0                PROVIDE (__init_array_start = .)
 *(SORT_BY_NAME(.init_array.*))
 *(.init_array)
                0x00000000080002b0                PROVIDE (__init_array_end = .)
                0x00000000080002b0                . = ALIGN (0x4)
                0x00000000080002b0                PROVIDE (__fini_array_start = .)
 *(SORT_BY_NAME(.fini_array.*))
 *(.fini_array)
                0x00000000080002b0                PROVIDE (__fini_array_end = .)

.flashtext
 *(.flashtext .flashtext.*)

.text           0x00000000080002b0     0x1796
 *(.text .text.*)
 .text._exit    0x00000000080002b0        0x2 ./System/Src/newlib/exit.o
                0x00000000080002b0                _exit
 *fill*         0x00000000080002b2        0x2 
 .text._sbrk    0x00000000080002b4       0x44 ./System/Src/newlib/sbrk.o
                0x00000000080002b4                _sbrk
 .text.__initialize_args
                0x00000000080002f8       0x10 ./System/Src/newlib/syscalls.o
                0x00000000080002f8                __initialize_args
 .text.can_deinit
                0x0000000008000308       0x20 ./System/Src/gd32f10x/gd32f10x_can.o
                0x0000000008000308                can_deinit
 .text.can_struct_para_init
                0x0000000008000328       0x8a ./System/Src/gd32f10x/gd32f10x_can.o
                0x0000000008000328                can_struct_para_init
 .text.can_init
                0x00000000080003b2      0x116 ./System/Src/gd32f10x/gd32f10x_can.o
                0x00000000080003b2                can_init
 .text.can_filter_init
                0x00000000080004c8       0xf4 ./System/Src/gd32f10x/gd32f10x_can.o
                0x00000000080004c8                can_filter_init
 .text.can_message_transmit
                0x00000000080005bc       0xc0 ./System/Src/gd32f10x/gd32f10x_can.o
                0x00000000080005bc                can_message_transmit
 .text.can_interrupt_enable
                0x000000000800067c        0x8 ./System/Src/gd32f10x/gd32f10x_can.o
                0x000000000800067c                can_interrupt_enable
 .text.exti_init
                0x0000000008000684       0x90 ./System/Src/gd32f10x/gd32f10x_exti.o
                0x0000000008000684                exti_init
 .text.exti_interrupt_flag_clear
                0x0000000008000714        0xc ./System/Src/gd32f10x/gd32f10x_exti.o
                0x0000000008000714                exti_interrupt_flag_clear
 .text.gpio_init
                0x0000000008000720       0x8c ./System/Src/gd32f10x/gd32f10x_gpio.o
                0x0000000008000720                gpio_init
 .text.gpio_bit_write
                0x00000000080007ac        0xa ./System/Src/gd32f10x/gd32f10x_gpio.o
                0x00000000080007ac                gpio_bit_write
 .text.gpio_input_bit_get
                0x00000000080007b6        0xe ./System/Src/gd32f10x/gd32f10x_gpio.o
                0x00000000080007b6                gpio_input_bit_get
 .text.gpio_exti_source_select
                0x00000000080007c4       0x84 ./System/Src/gd32f10x/gd32f10x_gpio.o
                0x00000000080007c4                gpio_exti_source_select
 .text.NMI_Handler
                0x0000000008000848        0x2 ./System/Src/gd32f10x/gd32f10x_it.o
                0x0000000008000848                NMI_Handler
 .text.HardFault_Handler
                0x000000000800084a        0x2 ./System/Src/gd32f10x/gd32f10x_it.o
                0x000000000800084a                HardFault_Handler
 .text.MemManage_Handler
                0x000000000800084c        0x2 ./System/Src/gd32f10x/gd32f10x_it.o
                0x000000000800084c                MemManage_Handler
 .text.BusFault_Handler
                0x000000000800084e        0x2 ./System/Src/gd32f10x/gd32f10x_it.o
                0x000000000800084e                BusFault_Handler
 .text.UsageFault_Handler
                0x0000000008000850        0x2 ./System/Src/gd32f10x/gd32f10x_it.o
                0x0000000008000850                UsageFault_Handler
 .text.SVC_Handler
                0x0000000008000852        0x2 ./System/Src/gd32f10x/gd32f10x_it.o
                0x0000000008000852                SVC_Handler
 .text.DebugMon_Handler
                0x0000000008000854        0x2 ./System/Src/gd32f10x/gd32f10x_it.o
                0x0000000008000854                DebugMon_Handler
 .text.PendSV_Handler
                0x0000000008000856        0x2 ./System/Src/gd32f10x/gd32f10x_it.o
                0x0000000008000856                PendSV_Handler
 .text.nvic_priority_group_set
                0x0000000008000858       0x14 ./System/Src/gd32f10x/gd32f10x_misc.o
                0x0000000008000858                nvic_priority_group_set
 .text.nvic_irq_enable
                0x000000000800086c       0x98 ./System/Src/gd32f10x/gd32f10x_misc.o
                0x000000000800086c                nvic_irq_enable
 .text.rcu_periph_clock_enable
                0x0000000008000904       0x1c ./System/Src/gd32f10x/gd32f10x_rcu.o
                0x0000000008000904                rcu_periph_clock_enable
 .text.rcu_periph_reset_enable
                0x0000000008000920       0x1c ./System/Src/gd32f10x/gd32f10x_rcu.o
                0x0000000008000920                rcu_periph_reset_enable
 .text.rcu_periph_reset_disable
                0x000000000800093c       0x1e ./System/Src/gd32f10x/gd32f10x_rcu.o
                0x000000000800093c                rcu_periph_reset_disable
 .text._trace_write_semihosting_debug
                0x000000000800095a       0x60 ./System/Src/diag/trace-impl.o
 .text.trace_write
                0x00000000080009ba        0x8 ./System/Src/diag/trace-impl.o
                0x00000000080009ba                trace_write
 *fill*         0x00000000080009c2        0x2 
 .text.trace_printf
                0x00000000080009c4       0x34 ./System/Src/diag/trace.o
                0x00000000080009c4                trace_printf
 .text.dumpExceptionStack
                0x00000000080009f8       0xf4 ./System/Src/cortexm/exception-handlers.o
                0x00000000080009f8                dumpExceptionStack
 .text.isSemihosting
                0x0000000008000aec       0x20 ./System/Src/cortexm/exception-handlers.o
                0x0000000008000aec                isSemihosting
 .text.__initialize_hardware_early
                0x0000000008000b0c       0x18 ./System/Src/cortexm/initialize-hardware.o
                0x0000000008000b0c                __initialize_hardware_early
 .text.__initialize_hardware
                0x0000000008000b24        0x8 ./System/Src/cortexm/initialize-hardware.o
                0x0000000008000b24                __initialize_hardware
 .text.system_clock_108m_hxtal
                0x0000000008000b2c       0xa0 ./System/Src/CMSIS/system_gd32f10x.o
 .text.system_clock_config
                0x0000000008000bcc        0x8 ./System/Src/CMSIS/system_gd32f10x.o
 .text.SystemInit
                0x0000000008000bd4       0x5c ./System/Src/CMSIS/system_gd32f10x.o
                0x0000000008000bd4                SystemInit
 .text.SystemCoreClockUpdate
                0x0000000008000c30       0x80 ./System/Src/CMSIS/system_gd32f10x.o
                0x0000000008000c30                SystemCoreClockUpdate
 .text.gd_eval_led_off
                0x0000000008000cb0       0x18 ./Src/gd32f10x_eval.o
                0x0000000008000cb0                gd_eval_led_off
 .text.gd_eval_led_toggle
                0x0000000008000cc8       0x30 ./Src/gd32f10x_eval.o
                0x0000000008000cc8                gd_eval_led_toggle
 .text.gd_eval_key_init
                0x0000000008000cf8       0x80 ./Src/gd32f10x_eval.o
                0x0000000008000cf8                gd_eval_key_init
 .text.gd_eval_key_state_get
                0x0000000008000d78       0x1c ./Src/gd32f10x_eval.o
                0x0000000008000d78                gd_eval_key_state_get
 .text.can_config
                0x0000000008000d94       0xac ./Src/main.o
                0x0000000008000d94                can_config
 .text.nvic_config
                0x0000000008000e40        0xe ./Src/main.o
                0x0000000008000e40                nvic_config
 *fill*         0x0000000008000e4e        0x2 
 .text.gpio_config
                0x0000000008000e50       0x4c ./Src/main.o
                0x0000000008000e50                gpio_config
 .text.main     0x0000000008000e9c       0xf0 ./Src/main.o
                0x0000000008000e9c                main
 .text.timer_start
                0x0000000008000f8c       0x3c ./Src/timer.o
                0x0000000008000f8c                timer_start
 .text.timer_tick
                0x0000000008000fc8       0x14 ./Src/timer.o
                0x0000000008000fc8                timer_tick
 .text.SysTick_Handler
                0x0000000008000fdc        0x8 ./Src/timer.o
                0x0000000008000fdc                SysTick_Handler
 .text.__errno  0x0000000008000fe4        0xc c:/users/kovalev/appdata/roaming/xpacks/@gnu-mcu-eclipse/arm-none-eabi-gcc/8.2.1-1.7.1/.content/bin/../lib/gcc/arm-none-eabi/8.2.1/../../../../arm-none-eabi/lib/thumb/v7-m/nofp\libg_nano.a(lib_a-errno.o)
                0x0000000008000fe4                __errno
 .text.memcpy   0x0000000008000ff0       0x1c c:/users/kovalev/appdata/roaming/xpacks/@gnu-mcu-eclipse/arm-none-eabi-gcc/8.2.1-1.7.1/.content/bin/../lib/gcc/arm-none-eabi/8.2.1/../../../../arm-none-eabi/lib/thumb/v7-m/nofp\libg_nano.a(lib_a-memcpy-stub.o)
                0x0000000008000ff0                memcpy
 .text._vsnprintf_r
                0x000000000800100c       0x58 c:/users/kovalev/appdata/roaming/xpacks/@gnu-mcu-eclipse/arm-none-eabi-gcc/8.2.1-1.7.1/.content/bin/../lib/gcc/arm-none-eabi/8.2.1/../../../../arm-none-eabi/lib/thumb/v7-m/nofp\libg_nano.a(lib_a-vsnprintf.o)
                0x000000000800100c                _vsniprintf_r
                0x000000000800100c                _vsnprintf_r
 .text.vsnprintf
                0x0000000008001064       0x1c c:/users/kovalev/appdata/roaming/xpacks/@gnu-mcu-eclipse/arm-none-eabi-gcc/8.2.1-1.7.1/.content/bin/../lib/gcc/arm-none-eabi/8.2.1/../../../../arm-none-eabi/lib/thumb/v7-m/nofp\libg_nano.a(lib_a-vsnprintf.o)
                0x0000000008001064                vsniprintf
                0x0000000008001064                vsnprintf
 .text.__ssputs_r
                0x0000000008001080       0xb6 c:/users/kovalev/appdata/roaming/xpacks/@gnu-mcu-eclipse/arm-none-eabi-gcc/8.2.1-1.7.1/.content/bin/../lib/gcc/arm-none-eabi/8.2.1/../../../../arm-none-eabi/lib/thumb/v7-m/nofp\libg_nano.a(lib_a-nano-svfprintf.o)
                0x0000000008001080                __ssputs_r
 *fill*         0x0000000008001136        0x2 
 .text._svfprintf_r
                0x0000000008001138      0x1f0 c:/users/kovalev/appdata/roaming/xpacks/@gnu-mcu-eclipse/arm-none-eabi-gcc/8.2.1-1.7.1/.content/bin/../lib/gcc/arm-none-eabi/8.2.1/../../../../arm-none-eabi/lib/thumb/v7-m/nofp\libg_nano.a(lib_a-nano-svfprintf.o)
                0x0000000008001138                _svfiprintf_r
                0x0000000008001138                _svfprintf_r
 .text._printf_common
                0x0000000008001328       0xec c:/users/kovalev/appdata/roaming/xpacks/@gnu-mcu-eclipse/arm-none-eabi-gcc/8.2.1-1.7.1/.content/bin/../lib/gcc/arm-none-eabi/8.2.1/../../../../arm-none-eabi/lib/thumb/v7-m/nofp\libg_nano.a(lib_a-nano-vfprintf_i.o)
                0x0000000008001328                _printf_common
 .text._printf_i
                0x0000000008001414      0x22c c:/users/kovalev/appdata/roaming/xpacks/@gnu-mcu-eclipse/arm-none-eabi-gcc/8.2.1-1.7.1/.content/bin/../lib/gcc/arm-none-eabi/8.2.1/../../../../arm-none-eabi/lib/thumb/v7-m/nofp\libg_nano.a(lib_a-nano-vfprintf_i.o)
                0x0000000008001414                _printf_i
 .text.memchr   0x0000000008001640       0x1c c:/users/kovalev/appdata/roaming/xpacks/@gnu-mcu-eclipse/arm-none-eabi-gcc/8.2.1-1.7.1/.content/bin/../lib/gcc/arm-none-eabi/8.2.1/../../../../arm-none-eabi/lib/thumb/v7-m/nofp\libg_nano.a(lib_a-memchr-stub.o)
                0x0000000008001640                memchr
 .text.memmove  0x000000000800165c       0x34 c:/users/kovalev/appdata/roaming/xpacks/@gnu-mcu-eclipse/arm-none-eabi-gcc/8.2.1-1.7.1/.content/bin/../lib/gcc/arm-none-eabi/8.2.1/../../../../arm-none-eabi/lib/thumb/v7-m/nofp\libg_nano.a(lib_a-memmove.o)
                0x000000000800165c                memmove
 .text._free_r  0x0000000008001690       0x98 c:/users/kovalev/appdata/roaming/xpacks/@gnu-mcu-eclipse/arm-none-eabi-gcc/8.2.1-1.7.1/.content/bin/../lib/gcc/arm-none-eabi/8.2.1/../../../../arm-none-eabi/lib/thumb/v7-m/nofp\libg_nano.a(lib_a-nano-freer.o)
                0x0000000008001690                _free_r
 .text._malloc_r
                0x0000000008001728       0xb4 c:/users/kovalev/appdata/roaming/xpacks/@gnu-mcu-eclipse/arm-none-eabi-gcc/8.2.1-1.7.1/.content/bin/../lib/gcc/arm-none-eabi/8.2.1/../../../../arm-none-eabi/lib/thumb/v7-m/nofp\libg_nano.a(lib_a-nano-mallocr.o)
                0x0000000008001728                _malloc_r
 .text._realloc_r
                0x00000000080017dc       0x4c c:/users/kovalev/appdata/roaming/xpacks/@gnu-mcu-eclipse/arm-none-eabi-gcc/8.2.1-1.7.1/.content/bin/../lib/gcc/arm-none-eabi/8.2.1/../../../../arm-none-eabi/lib/thumb/v7-m/nofp\libg_nano.a(lib_a-nano-reallocr.o)
                0x00000000080017dc                _realloc_r
 .text._sbrk_r  0x0000000008001828       0x20 c:/users/kovalev/appdata/roaming/xpacks/@gnu-mcu-eclipse/arm-none-eabi-gcc/8.2.1-1.7.1/.content/bin/../lib/gcc/arm-none-eabi/8.2.1/../../../../arm-none-eabi/lib/thumb/v7-m/nofp\libg_nano.a(lib_a-sbrkr.o)
                0x0000000008001828                _sbrk_r
 .text.__malloc_lock
                0x0000000008001848        0xc c:/users/kovalev/appdata/roaming/xpacks/@gnu-mcu-eclipse/arm-none-eabi-gcc/8.2.1-1.7.1/.content/bin/../lib/gcc/arm-none-eabi/8.2.1/../../../../arm-none-eabi/lib/thumb/v7-m/nofp\libg_nano.a(lib_a-mlock.o)
                0x0000000008001848                __malloc_lock
 .text.__malloc_unlock
                0x0000000008001854        0xc c:/users/kovalev/appdata/roaming/xpacks/@gnu-mcu-eclipse/arm-none-eabi-gcc/8.2.1-1.7.1/.content/bin/../lib/gcc/arm-none-eabi/8.2.1/../../../../arm-none-eabi/lib/thumb/v7-m/nofp\libg_nano.a(lib_a-mlock.o)
                0x0000000008001854                __malloc_unlock
 .text._malloc_usable_size_r
                0x0000000008001860       0x10 c:/users/kovalev/appdata/roaming/xpacks/@gnu-mcu-eclipse/arm-none-eabi-gcc/8.2.1-1.7.1/.content/bin/../lib/gcc/arm-none-eabi/8.2.1/../../../../arm-none-eabi/lib/thumb/v7-m/nofp\libg_nano.a(lib_a-nano-msizer.o)
                0x0000000008001860                _malloc_usable_size_r
 .text.__retarget_lock_acquire_recursive
                0x0000000008001870        0x2 c:/users/kovalev/appdata/roaming/xpacks/@gnu-mcu-eclipse/arm-none-eabi-gcc/8.2.1-1.7.1/.content/bin/../lib/gcc/arm-none-eabi/8.2.1/../../../../arm-none-eabi/lib/thumb/v7-m/nofp\libg_nano.a(lib_a-lock.o)
                0x0000000008001870                __retarget_lock_acquire_recursive
 .text.__retarget_lock_release_recursive
                0x0000000008001872        0x2 c:/users/kovalev/appdata/roaming/xpacks/@gnu-mcu-eclipse/arm-none-eabi-gcc/8.2.1-1.7.1/.content/bin/../lib/gcc/arm-none-eabi/8.2.1/../../../../arm-none-eabi/lib/thumb/v7-m/nofp\libg_nano.a(lib_a-lock.o)
                0x0000000008001872                __retarget_lock_release_recursive
 *(.rodata .rodata.* .constdata .constdata.*)
 .rodata.dumpExceptionStack.str1.4
                0x0000000008001874      0x11a ./System/Src/cortexm/exception-handlers.o
 *fill*         0x000000000800198e        0x2 
 .rodata.str1.4
                0x0000000008001990       0x2c ./System/Src/cortexm/exception-handlers.o
                                         0x2a (size before relaxing)
 .rodata.GPIO_PIN
                0x00000000080019bc       0x10 ./Src/gd32f10x_eval.o
 .rodata.GPIO_PORT
                0x00000000080019cc       0x10 ./Src/gd32f10x_eval.o
 .rodata.KEY_CLK
                0x00000000080019dc        0x6 ./Src/gd32f10x_eval.o
 *fill*         0x00000000080019e2        0x2 
 .rodata.KEY_EXTI_LINE
                0x00000000080019e4        0xc ./Src/gd32f10x_eval.o
 .rodata.KEY_IRQn
                0x00000000080019f0        0x3 ./Src/gd32f10x_eval.o
 *fill*         0x00000000080019f3        0x1 
 .rodata.KEY_PIN
                0x00000000080019f4        0xc ./Src/gd32f10x_eval.o
 .rodata.KEY_PIN_SOURCE
                0x0000000008001a00        0x3 ./Src/gd32f10x_eval.o
 *fill*         0x0000000008001a03        0x1 
 .rodata.KEY_PORT
                0x0000000008001a04        0xc ./Src/gd32f10x_eval.o
 .rodata.KEY_PORT_SOURCE
                0x0000000008001a10        0x3 ./Src/gd32f10x_eval.o
 .rodata._svfprintf_r.str1.1
                0x0000000008001a13       0x11 c:/users/kovalev/appdata/roaming/xpacks/@gnu-mcu-eclipse/arm-none-eabi-gcc/8.2.1-1.7.1/.content/bin/../lib/gcc/arm-none-eabi/8.2.1/../../../../arm-none-eabi/lib/thumb/v7-m/nofp\libg_nano.a(lib_a-nano-svfprintf.o)
 .rodata._printf_i.str1.1
                0x0000000008001a24       0x22 c:/users/kovalev/appdata/roaming/xpacks/@gnu-mcu-eclipse/arm-none-eabi-gcc/8.2.1-1.7.1/.content/bin/../lib/gcc/arm-none-eabi/8.2.1/../../../../arm-none-eabi/lib/thumb/v7-m/nofp\libg_nano.a(lib_a-nano-vfprintf_i.o)
 *(vtable)
 *(.eh_frame*)
 *(.glue_7)
 .glue_7        0x0000000008001a46        0x0 linker stubs
 *(.glue_7t)
 .glue_7t       0x0000000008001a46        0x0 linker stubs

.vfp11_veneer   0x0000000008001a48        0x0
 .vfp11_veneer  0x0000000008001a48        0x0 linker stubs

.v4_bx          0x0000000008001a48        0x0
 .v4_bx         0x0000000008001a48        0x0 linker stubs

.iplt           0x0000000008001a48        0x0
 .iplt          0x0000000008001a48        0x0 ./System/Src/newlib/exit.o

.rel.dyn        0x0000000008001a48        0x0
 .rel.iplt      0x0000000008001a48        0x0 ./System/Src/newlib/exit.o

.ARM.extab
 *(.ARM.extab* .gnu.linkonce.armextab.*)
                0x0000000008001a48                . = ALIGN (0x4)
                0x0000000008001a48                __exidx_start = .

.ARM.exidx
 *(.ARM.exidx* .gnu.linkonce.armexidx.*)
                0x0000000008001a48                __exidx_end = .
                0x0000000008001a48                . = ALIGN (0x4)
                0x0000000008001a48                _etext = .
                0x0000000008001a48                __etext = .

.data_CCMRAM    0x0000000010000000        0x0 load address 0x0000000008001a48
 FILL mask 0xff
 *(.data.CCMRAM .data.CCMRAM.*)
                0x0000000010000000                . = ALIGN (0x4)
                0x0000000008001a48                _sidata = LOADADDR (.data)

.data           0x0000000020000000       0x78 load address 0x0000000008001a48
 FILL mask 0xff
                0x0000000020000000                _sdata = .
                0x0000000020000000                __data_start__ = .
 *(.data_begin .data_begin.*)
 .data_begin    0x0000000020000000        0x4 ./System/Src/newlib/startup.o
 *(.data .data.*)
 .data.argv.4374
                0x0000000020000004        0x8 ./System/Src/newlib/syscalls.o
 .data.SystemCoreClock
                0x000000002000000c        0x4 ./System/Src/CMSIS/system_gd32f10x.o
                0x000000002000000c                SystemCoreClock
 .data._impure_ptr
                0x0000000020000010        0x4 c:/users/kovalev/appdata/roaming/xpacks/@gnu-mcu-eclipse/arm-none-eabi-gcc/8.2.1-1.7.1/.content/bin/../lib/gcc/arm-none-eabi/8.2.1/../../../../arm-none-eabi/lib/thumb/v7-m/nofp\libg_nano.a(lib_a-impure.o)
                0x0000000020000010                _impure_ptr
 .data.impure_data
                0x0000000020000014       0x60 c:/users/kovalev/appdata/roaming/xpacks/@gnu-mcu-eclipse/arm-none-eabi-gcc/8.2.1-1.7.1/.content/bin/../lib/gcc/arm-none-eabi/8.2.1/../../../../arm-none-eabi/lib/thumb/v7-m/nofp\libg_nano.a(lib_a-impure.o)
 *(.data_end .data_end.*)
 .data_end      0x0000000020000074        0x4 ./System/Src/newlib/startup.o
                0x0000000020000078                . = ALIGN (0x4)
                0x0000000020000078                _edata = .
                0x0000000020000078                __data_end__ = .

.igot.plt       0x0000000020000078        0x0 load address 0x0000000008001ac0
 .igot.plt      0x0000000020000078        0x0 ./System/Src/newlib/exit.o

.bss_CCMRAM     0x0000000010000000        0x0
 *(.bss.CCMRAM .bss.CCMRAM.*)

.bss            0x0000000020000078      0x16c
                0x0000000020000078                __bss_start__ = .
                0x0000000020000078                _sbss = .
 *(.bss_begin .bss_begin.*)
 .bss_begin     0x0000000020000078        0x4 ./System/Src/newlib/startup.o
 *(.bss .bss.*)
 .bss.current_heap_end.4004
                0x000000002000007c        0x4 ./System/Src/newlib/sbrk.o
 .bss.name.4373
                0x0000000020000080        0x1 ./System/Src/newlib/syscalls.o
 *fill*         0x0000000020000081        0x3 
 .bss.buf.5248  0x0000000020000084       0x80 ./System/Src/diag/trace.o
 .bss.__malloc_free_list
                0x0000000020000104        0x4 c:/users/kovalev/appdata/roaming/xpacks/@gnu-mcu-eclipse/arm-none-eabi-gcc/8.2.1-1.7.1/.content/bin/../lib/gcc/arm-none-eabi/8.2.1/../../../../arm-none-eabi/lib/thumb/v7-m/nofp\libg_nano.a(lib_a-nano-mallocr.o)
                0x0000000020000104                __malloc_free_list
 .bss.__malloc_sbrk_start
                0x0000000020000108        0x4 c:/users/kovalev/appdata/roaming/xpacks/@gnu-mcu-eclipse/arm-none-eabi-gcc/8.2.1-1.7.1/.content/bin/../lib/gcc/arm-none-eabi/8.2.1/../../../../arm-none-eabi/lib/thumb/v7-m/nofp\libg_nano.a(lib_a-nano-mallocr.o)
                0x0000000020000108                __malloc_sbrk_start
 *(COMMON)
 COMMON         0x000000002000010c        0x4 ./System/Src/newlib/syscalls.o
                0x000000002000010c                errno
 COMMON         0x0000000020000110       0xbd ./Src/main.o
                0x0000000020000110                can_init_parameter
                0x000000002000011c                can_filter_parameter
                0x0000000020000130                transmit_message
                0x000000002000017c                can0_error_flag
                0x0000000020000180                receive_message
                0x00000000200001cc                can0_receive_flag
 *fill*         0x00000000200001cd        0x3 
 COMMON         0x00000000200001d0        0x4 ./Src/timer.o
                0x00000000200001d0                timer_delayCount
 COMMON         0x00000000200001d4        0x9 c:/users/kovalev/appdata/roaming/xpacks/@gnu-mcu-eclipse/arm-none-eabi-gcc/8.2.1-1.7.1/.content/bin/../lib/gcc/arm-none-eabi/8.2.1/../../../../arm-none-eabi/lib/thumb/v7-m/nofp\libg_nano.a(lib_a-lock.o)
                0x00000000200001d4                __lock___atexit_recursive_mutex
                0x00000000200001d5                __lock___arc4random_mutex
                0x00000000200001d6                __lock___env_recursive_mutex
                0x00000000200001d7                __lock___sinit_recursive_mutex
                0x00000000200001d8                __lock___malloc_recursive_mutex
                0x00000000200001d9                __lock___at_quick_exit_mutex
                0x00000000200001da                __lock___dd_hash_mutex
                0x00000000200001db                __lock___tz_mutex
                0x00000000200001dc                __lock___sfp_recursive_mutex
 *(.bss_end .bss_end.*)
 *fill*         0x00000000200001dd        0x3 
 .bss_end       0x00000000200001e0        0x4 ./System/Src/newlib/startup.o
                0x00000000200001e4                . = ALIGN (0x4)
                0x00000000200001e4                __bss_end__ = .
                0x00000000200001e4                _ebss = .

.noinit_CCMRAM
 *(.noinit.CCMRAM .noinit.CCMRAM.*)

.noinit         0x00000000200001e4        0x0
                0x00000000200001e4                _noinit = .
 *(.noinit .noinit.*)
                0x00000000200001e4                . = ALIGN (0x4)
                0x00000000200001e4                _end_noinit = .
                [!provide]                        PROVIDE (end = _end_noinit)
                [!provide]                        PROVIDE (_end = _end_noinit)
                [!provide]                        PROVIDE (__end = _end_noinit)
                [!provide]                        PROVIDE (__end__ = _end_noinit)

._check_stack   0x00000000200001e4      0x100
                0x00000000200002e4                . = (. + _Minimum_Stack_Size)
 *fill*         0x00000000200001e4      0x100 

.b1text
 *(.b1text)
 *(.b1rodata)
 *(.b1rodata.*)

.eb0text
 *(.eb0text)
 *(.eb0rodata)
 *(.eb0rodata.*)

.eb1text
 *(.eb1text)
 *(.eb1rodata)
 *(.eb1rodata.*)

.eb2text
 *(.eb2text)
 *(.eb2rodata)
 *(.eb2rodata.*)

.eb3text
 *(.eb3text)
 *(.eb3rodata)
 *(.eb3rodata.*)

.stab
 *(.stab)

.stabstr
 *(.stabstr)

.stab.excl
 *(.stab.excl)

.stab.exclstr
 *(.stab.exclstr)

.stab.index
 *(.stab.index)

.stab.indexstr
 *(.stab.indexstr)

.comment        0x0000000000000000       0x68
 *(.comment)
 .comment       0x0000000000000000       0x68 ./System/Src/newlib/exit.o
                                         0x69 (size before relaxing)
 .comment       0x0000000000000068       0x69 ./System/Src/newlib/sbrk.o
 .comment       0x0000000000000068       0x69 ./System/Src/newlib/startup.o
 .comment       0x0000000000000068       0x69 ./System/Src/newlib/syscalls.o
 .comment       0x0000000000000068       0x69 ./System/Src/gd32f10x/gd32f10x_can.o
 .comment       0x0000000000000068       0x69 ./System/Src/gd32f10x/gd32f10x_exti.o
 .comment       0x0000000000000068       0x69 ./System/Src/gd32f10x/gd32f10x_gpio.o
 .comment       0x0000000000000068       0x69 ./System/Src/gd32f10x/gd32f10x_it.o
 .comment       0x0000000000000068       0x69 ./System/Src/gd32f10x/gd32f10x_misc.o
 .comment       0x0000000000000068       0x69 ./System/Src/gd32f10x/gd32f10x_rcu.o
 .comment       0x0000000000000068       0x69 ./System/Src/diag/trace-impl.o
 .comment       0x0000000000000068       0x69 ./System/Src/diag/trace.o
 .comment       0x0000000000000068       0x69 ./System/Src/cortexm/exception-handlers.o
 .comment       0x0000000000000068       0x69 ./System/Src/cortexm/initialize-hardware.o
 .comment       0x0000000000000068       0x69 ./System/Src/CMSIS/system_gd32f10x.o
 .comment       0x0000000000000068       0x69 ./System/Src/CMSIS/vectors_gd32f10x.o
 .comment       0x0000000000000068       0x69 ./Src/gd32f10x_eval.o
 .comment       0x0000000000000068       0x69 ./Src/main.o
 .comment       0x0000000000000068       0x69 ./Src/timer.o

.ARM.attributes
                0x0000000000000000       0x2b
 .ARM.attributes
                0x0000000000000000       0x2d ./System/Src/newlib/exit.o
 .ARM.attributes
                0x000000000000002d       0x2d ./System/Src/newlib/sbrk.o
 .ARM.attributes
                0x000000000000005a       0x2d ./System/Src/newlib/startup.o
 .ARM.attributes
                0x0000000000000087       0x2d ./System/Src/newlib/syscalls.o
 .ARM.attributes
                0x00000000000000b4       0x2d ./System/Src/gd32f10x/gd32f10x_can.o
 .ARM.attributes
                0x00000000000000e1       0x2d ./System/Src/gd32f10x/gd32f10x_exti.o
 .ARM.attributes
                0x000000000000010e       0x2d ./System/Src/gd32f10x/gd32f10x_gpio.o
 .ARM.attributes
                0x000000000000013b       0x2d ./System/Src/gd32f10x/gd32f10x_it.o
 .ARM.attributes
                0x0000000000000168       0x2d ./System/Src/gd32f10x/gd32f10x_misc.o
 .ARM.attributes
                0x0000000000000195       0x2d ./System/Src/gd32f10x/gd32f10x_rcu.o
 .ARM.attributes
                0x00000000000001c2       0x2d ./System/Src/diag/trace-impl.o
 .ARM.attributes
                0x00000000000001ef       0x2d ./System/Src/diag/trace.o
 .ARM.attributes
                0x000000000000021c       0x2d ./System/Src/cortexm/exception-handlers.o
 .ARM.attributes
                0x0000000000000249       0x2d ./System/Src/cortexm/initialize-hardware.o
 .ARM.attributes
                0x0000000000000276       0x2d ./System/Src/CMSIS/system_gd32f10x.o
 .ARM.attributes
                0x00000000000002a3       0x2d ./System/Src/CMSIS/vectors_gd32f10x.o
 .ARM.attributes
                0x00000000000002d0       0x2d ./Src/gd32f10x_eval.o
 .ARM.attributes
                0x00000000000002fd       0x2d ./Src/main.o
 .ARM.attributes
                0x000000000000032a       0x2d ./Src/timer.o
 .ARM.attributes
                0x0000000000000357       0x2d c:/users/kovalev/appdata/roaming/xpacks/@gnu-mcu-eclipse/arm-none-eabi-gcc/8.2.1-1.7.1/.content/bin/../lib/gcc/arm-none-eabi/8.2.1/../../../../arm-none-eabi/lib/thumb/v7-m/nofp\libg_nano.a(lib_a-errno.o)
 .ARM.attributes
                0x0000000000000384       0x2d c:/users/kovalev/appdata/roaming/xpacks/@gnu-mcu-eclipse/arm-none-eabi-gcc/8.2.1-1.7.1/.content/bin/../lib/gcc/arm-none-eabi/8.2.1/../../../../arm-none-eabi/lib/thumb/v7-m/nofp\libg_nano.a(lib_a-impure.o)
 .ARM.attributes
                0x00000000000003b1       0x2d c:/users/kovalev/appdata/roaming/xpacks/@gnu-mcu-eclipse/arm-none-eabi-gcc/8.2.1-1.7.1/.content/bin/../lib/gcc/arm-none-eabi/8.2.1/../../../../arm-none-eabi/lib/thumb/v7-m/nofp\libg_nano.a(lib_a-memcpy-stub.o)
 .ARM.attributes
                0x00000000000003de       0x2d c:/users/kovalev/appdata/roaming/xpacks/@gnu-mcu-eclipse/arm-none-eabi-gcc/8.2.1-1.7.1/.content/bin/../lib/gcc/arm-none-eabi/8.2.1/../../../../arm-none-eabi/lib/thumb/v7-m/nofp\libg_nano.a(lib_a-vsnprintf.o)
 .ARM.attributes
                0x000000000000040b       0x2d c:/users/kovalev/appdata/roaming/xpacks/@gnu-mcu-eclipse/arm-none-eabi-gcc/8.2.1-1.7.1/.content/bin/../lib/gcc/arm-none-eabi/8.2.1/../../../../arm-none-eabi/lib/thumb/v7-m/nofp\libg_nano.a(lib_a-nano-svfprintf.o)
 .ARM.attributes
                0x0000000000000438       0x2d c:/users/kovalev/appdata/roaming/xpacks/@gnu-mcu-eclipse/arm-none-eabi-gcc/8.2.1-1.7.1/.content/bin/../lib/gcc/arm-none-eabi/8.2.1/../../../../arm-none-eabi/lib/thumb/v7-m/nofp\libg_nano.a(lib_a-nano-vfprintf_i.o)
 .ARM.attributes
                0x0000000000000465       0x2d c:/users/kovalev/appdata/roaming/xpacks/@gnu-mcu-eclipse/arm-none-eabi-gcc/8.2.1-1.7.1/.content/bin/../lib/gcc/arm-none-eabi/8.2.1/../../../../arm-none-eabi/lib/thumb/v7-m/nofp\libg_nano.a(lib_a-memchr-stub.o)
 .ARM.attributes
                0x0000000000000492       0x2d c:/users/kovalev/appdata/roaming/xpacks/@gnu-mcu-eclipse/arm-none-eabi-gcc/8.2.1-1.7.1/.content/bin/../lib/gcc/arm-none-eabi/8.2.1/../../../../arm-none-eabi/lib/thumb/v7-m/nofp\libg_nano.a(lib_a-memmove.o)
 .ARM.attributes
                0x00000000000004bf       0x2d c:/users/kovalev/appdata/roaming/xpacks/@gnu-mcu-eclipse/arm-none-eabi-gcc/8.2.1-1.7.1/.content/bin/../lib/gcc/arm-none-eabi/8.2.1/../../../../arm-none-eabi/lib/thumb/v7-m/nofp\libg_nano.a(lib_a-nano-freer.o)
 .ARM.attributes
                0x00000000000004ec       0x2d c:/users/kovalev/appdata/roaming/xpacks/@gnu-mcu-eclipse/arm-none-eabi-gcc/8.2.1-1.7.1/.content/bin/../lib/gcc/arm-none-eabi/8.2.1/../../../../arm-none-eabi/lib/thumb/v7-m/nofp\libg_nano.a(lib_a-nano-mallocr.o)
 .ARM.attributes
                0x0000000000000519       0x2d c:/users/kovalev/appdata/roaming/xpacks/@gnu-mcu-eclipse/arm-none-eabi-gcc/8.2.1-1.7.1/.content/bin/../lib/gcc/arm-none-eabi/8.2.1/../../../../arm-none-eabi/lib/thumb/v7-m/nofp\libg_nano.a(lib_a-nano-reallocr.o)
 .ARM.attributes
                0x0000000000000546       0x2d c:/users/kovalev/appdata/roaming/xpacks/@gnu-mcu-eclipse/arm-none-eabi-gcc/8.2.1-1.7.1/.content/bin/../lib/gcc/arm-none-eabi/8.2.1/../../../../arm-none-eabi/lib/thumb/v7-m/nofp\libg_nano.a(lib_a-sbrkr.o)
 .ARM.attributes
                0x0000000000000573       0x2d c:/users/kovalev/appdata/roaming/xpacks/@gnu-mcu-eclipse/arm-none-eabi-gcc/8.2.1-1.7.1/.content/bin/../lib/gcc/arm-none-eabi/8.2.1/../../../../arm-none-eabi/lib/thumb/v7-m/nofp\libg_nano.a(lib_a-mlock.o)
 .ARM.attributes
                0x00000000000005a0       0x2d c:/users/kovalev/appdata/roaming/xpacks/@gnu-mcu-eclipse/arm-none-eabi-gcc/8.2.1-1.7.1/.content/bin/../lib/gcc/arm-none-eabi/8.2.1/../../../../arm-none-eabi/lib/thumb/v7-m/nofp\libg_nano.a(lib_a-nano-msizer.o)
 .ARM.attributes
                0x00000000000005cd       0x2d c:/users/kovalev/appdata/roaming/xpacks/@gnu-mcu-eclipse/arm-none-eabi-gcc/8.2.1-1.7.1/.content/bin/../lib/gcc/arm-none-eabi/8.2.1/../../../../arm-none-eabi/lib/thumb/v7-m/nofp\libg_nano.a(lib_a-lock.o)

.debug
 *(.debug)

.line
 *(.line)

.debug_srcinfo
 *(.debug_srcinfo)

.debug_sfnames
 *(.debug_sfnames)

.debug_aranges  0x0000000000000000      0x6e0
 *(.debug_aranges)
 .debug_aranges
                0x0000000000000000       0x28 ./System/Src/newlib/exit.o
 .debug_aranges
                0x0000000000000028       0x20 ./System/Src/newlib/sbrk.o
 .debug_aranges
                0x0000000000000048       0x40 ./System/Src/newlib/startup.o
 .debug_aranges
                0x0000000000000088       0x30 ./System/Src/newlib/syscalls.o
 .debug_aranges
                0x00000000000000b8       0xe8 ./System/Src/gd32f10x/gd32f10x_can.o
 .debug_aranges
                0x00000000000001a0       0x78 ./System/Src/gd32f10x/gd32f10x_exti.o
 .debug_aranges
                0x0000000000000218       0xa0 ./System/Src/gd32f10x/gd32f10x_gpio.o
 .debug_aranges
                0x00000000000002b8       0x68 ./System/Src/gd32f10x/gd32f10x_it.o
 .debug_aranges
                0x0000000000000320       0x50 ./System/Src/gd32f10x/gd32f10x_misc.o
 .debug_aranges
                0x0000000000000370      0x138 ./System/Src/gd32f10x/gd32f10x_rcu.o
 .debug_aranges
                0x00000000000004a8       0x30 ./System/Src/diag/trace-impl.o
 .debug_aranges
                0x00000000000004d8       0x38 ./System/Src/diag/trace.o
 .debug_aranges
                0x0000000000000510       0x90 ./System/Src/cortexm/exception-handlers.o
 .debug_aranges
                0x00000000000005a0       0x28 ./System/Src/cortexm/initialize-hardware.o
 .debug_aranges
                0x00000000000005c8       0x38 ./System/Src/CMSIS/system_gd32f10x.o
 .debug_aranges
                0x0000000000000600       0x20 ./System/Src/CMSIS/vectors_gd32f10x.o
 .debug_aranges
                0x0000000000000620       0x50 ./Src/gd32f10x_eval.o
 .debug_aranges
                0x0000000000000670       0x38 ./Src/main.o
 .debug_aranges
                0x00000000000006a8       0x38 ./Src/timer.o

.debug_pubnames
 *(.debug_pubnames)

.debug_info     0x0000000000000000    0x10114
 *(.debug_info .gnu.linkonce.wi.*)
 .debug_info    0x0000000000000000      0x9e7 ./System/Src/newlib/exit.o
 .debug_info    0x00000000000009e7      0x9d4 ./System/Src/newlib/sbrk.o
 .debug_info    0x00000000000013bb      0x4ce ./System/Src/newlib/startup.o
 .debug_info    0x0000000000001889      0xab9 ./System/Src/newlib/syscalls.o
 .debug_info    0x0000000000002342     0x17d4 ./System/Src/gd32f10x/gd32f10x_can.o
 .debug_info    0x0000000000003b16      0xc94 ./System/Src/gd32f10x/gd32f10x_exti.o
 .debug_info    0x00000000000047aa     0x106c ./System/Src/gd32f10x/gd32f10x_gpio.o
 .debug_info    0x0000000000005816      0xb39 ./System/Src/gd32f10x/gd32f10x_it.o
 .debug_info    0x000000000000634f      0xe72 ./System/Src/gd32f10x/gd32f10x_misc.o
 .debug_info    0x00000000000071c1     0x16f4 ./System/Src/gd32f10x/gd32f10x_rcu.o
 .debug_info    0x00000000000088b5      0xc52 ./System/Src/diag/trace-impl.o
 .debug_info    0x0000000000009507      0xbdb ./System/Src/diag/trace.o
 .debug_info    0x000000000000a0e2     0x1287 ./System/Src/cortexm/exception-handlers.o
 .debug_info    0x000000000000b369      0xb8b ./System/Src/cortexm/initialize-hardware.o
 .debug_info    0x000000000000bef4      0xa7a ./System/Src/CMSIS/system_gd32f10x.o
 .debug_info    0x000000000000c96e       0xcd ./System/Src/CMSIS/vectors_gd32f10x.o
 .debug_info    0x000000000000ca3b     0x1439 ./Src/gd32f10x_eval.o
 .debug_info    0x000000000000de74     0x136d ./Src/main.o
 .debug_info    0x000000000000f1e1      0xf33 ./Src/timer.o

.debug_abbrev   0x0000000000000000     0x3151
 *(.debug_abbrev)
 .debug_abbrev  0x0000000000000000      0x222 ./System/Src/newlib/exit.o
 .debug_abbrev  0x0000000000000222      0x232 ./System/Src/newlib/sbrk.o
 .debug_abbrev  0x0000000000000454      0x1d7 ./System/Src/newlib/startup.o
 .debug_abbrev  0x000000000000062b      0x26d ./System/Src/newlib/syscalls.o
 .debug_abbrev  0x0000000000000898      0x37d ./System/Src/gd32f10x/gd32f10x_can.o
 .debug_abbrev  0x0000000000000c15      0x282 ./System/Src/gd32f10x/gd32f10x_exti.o
 .debug_abbrev  0x0000000000000e97      0x350 ./System/Src/gd32f10x/gd32f10x_gpio.o
 .debug_abbrev  0x00000000000011e7      0x244 ./System/Src/gd32f10x/gd32f10x_it.o
 .debug_abbrev  0x000000000000142b      0x28c ./System/Src/gd32f10x/gd32f10x_misc.o
 .debug_abbrev  0x00000000000016b7      0x343 ./System/Src/gd32f10x/gd32f10x_rcu.o
 .debug_abbrev  0x00000000000019fa      0x34e ./System/Src/diag/trace-impl.o
 .debug_abbrev  0x0000000000001d48      0x2c6 ./System/Src/diag/trace.o
 .debug_abbrev  0x000000000000200e      0x372 ./System/Src/cortexm/exception-handlers.o
 .debug_abbrev  0x0000000000002380      0x20a ./System/Src/cortexm/initialize-hardware.o
 .debug_abbrev  0x000000000000258a      0x24f ./System/Src/CMSIS/system_gd32f10x.o
 .debug_abbrev  0x00000000000027d9       0xa5 ./System/Src/CMSIS/vectors_gd32f10x.o
 .debug_abbrev  0x000000000000287e      0x314 ./Src/gd32f10x_eval.o
 .debug_abbrev  0x0000000000002b92      0x2d1 ./Src/main.o
 .debug_abbrev  0x0000000000002e63      0x2ee ./Src/timer.o

.debug_line     0x0000000000000000     0x8a4b
 *(.debug_line)
 .debug_line    0x0000000000000000      0x405 ./System/Src/newlib/exit.o
 .debug_line    0x0000000000000405      0x3fa ./System/Src/newlib/sbrk.o
 .debug_line    0x00000000000007ff      0x61b ./System/Src/newlib/startup.o
 .debug_line    0x0000000000000e1a      0x509 ./System/Src/newlib/syscalls.o
 .debug_line    0x0000000000001323     0x1140 ./System/Src/gd32f10x/gd32f10x_can.o
 .debug_line    0x0000000000002463      0x76a ./System/Src/gd32f10x/gd32f10x_exti.o
 .debug_line    0x0000000000002bcd      0xa19 ./System/Src/gd32f10x/gd32f10x_gpio.o
 .debug_line    0x00000000000035e6      0x698 ./System/Src/gd32f10x/gd32f10x_it.o
 .debug_line    0x0000000000003c7e      0x6dd ./System/Src/gd32f10x/gd32f10x_misc.o
 .debug_line    0x000000000000435b      0xdbd ./System/Src/gd32f10x/gd32f10x_rcu.o
 .debug_line    0x0000000000005118      0x74c ./System/Src/diag/trace-impl.o
 .debug_line    0x0000000000005864      0x4e2 ./System/Src/diag/trace.o
 .debug_line    0x0000000000005d46      0x92b ./System/Src/cortexm/exception-handlers.o
 .debug_line    0x0000000000006671      0x5b1 ./System/Src/cortexm/initialize-hardware.o
 .debug_line    0x0000000000006c22      0x791 ./System/Src/CMSIS/system_gd32f10x.o
 .debug_line    0x00000000000073b3      0x135 ./System/Src/CMSIS/vectors_gd32f10x.o
 .debug_line    0x00000000000074e8      0x68f ./Src/gd32f10x_eval.o
 .debug_line    0x0000000000007b77      0x860 ./Src/main.o
 .debug_line    0x00000000000083d7      0x674 ./Src/timer.o

.debug_frame    0x0000000000000000     0x1198
 *(.debug_frame)
 .debug_frame   0x0000000000000000       0x38 ./System/Src/newlib/exit.o
 .debug_frame   0x0000000000000038       0x28 ./System/Src/newlib/sbrk.o
 .debug_frame   0x0000000000000060       0x7c ./System/Src/newlib/startup.o
 .debug_frame   0x00000000000000dc       0x50 ./System/Src/newlib/syscalls.o
 .debug_frame   0x000000000000012c      0x214 ./System/Src/gd32f10x/gd32f10x_can.o
 .debug_frame   0x0000000000000340       0xe0 ./System/Src/gd32f10x/gd32f10x_exti.o
 .debug_frame   0x0000000000000420      0x160 ./System/Src/gd32f10x/gd32f10x_gpio.o
 .debug_frame   0x0000000000000580       0xc0 ./System/Src/gd32f10x/gd32f10x_it.o
 .debug_frame   0x0000000000000640       0x8c ./System/Src/gd32f10x/gd32f10x_misc.o
 .debug_frame   0x00000000000006cc      0x278 ./System/Src/gd32f10x/gd32f10x_rcu.o
 .debug_frame   0x0000000000000944       0x64 ./System/Src/diag/trace-impl.o
 .debug_frame   0x00000000000009a8       0x94 ./System/Src/diag/trace.o
 .debug_frame   0x0000000000000a3c      0x158 ./System/Src/cortexm/exception-handlers.o
 .debug_frame   0x0000000000000b94       0x40 ./System/Src/cortexm/initialize-hardware.o
 .debug_frame   0x0000000000000bd4       0x60 ./System/Src/CMSIS/system_gd32f10x.o
 .debug_frame   0x0000000000000c34       0x20 ./System/Src/CMSIS/vectors_gd32f10x.o
 .debug_frame   0x0000000000000c54       0xb8 ./Src/gd32f10x_eval.o
 .debug_frame   0x0000000000000d0c       0x90 ./Src/main.o
 .debug_frame   0x0000000000000d9c       0x58 ./Src/timer.o
 .debug_frame   0x0000000000000df4       0x20 c:/users/kovalev/appdata/roaming/xpacks/@gnu-mcu-eclipse/arm-none-eabi-gcc/8.2.1-1.7.1/.content/bin/../lib/gcc/arm-none-eabi/8.2.1/../../../../arm-none-eabi/lib/thumb/v7-m/nofp\libg_nano.a(lib_a-errno.o)
 .debug_frame   0x0000000000000e14       0x28 c:/users/kovalev/appdata/roaming/xpacks/@gnu-mcu-eclipse/arm-none-eabi-gcc/8.2.1-1.7.1/.content/bin/../lib/gcc/arm-none-eabi/8.2.1/../../../../arm-none-eabi/lib/thumb/v7-m/nofp\libg_nano.a(lib_a-memcpy-stub.o)
 .debug_frame   0x0000000000000e3c       0x4c c:/users/kovalev/appdata/roaming/xpacks/@gnu-mcu-eclipse/arm-none-eabi-gcc/8.2.1-1.7.1/.content/bin/../lib/gcc/arm-none-eabi/8.2.1/../../../../arm-none-eabi/lib/thumb/v7-m/nofp\libg_nano.a(lib_a-vsnprintf.o)
 .debug_frame   0x0000000000000e88       0x90 c:/users/kovalev/appdata/roaming/xpacks/@gnu-mcu-eclipse/arm-none-eabi-gcc/8.2.1-1.7.1/.content/bin/../lib/gcc/arm-none-eabi/8.2.1/../../../../arm-none-eabi/lib/thumb/v7-m/nofp\libg_nano.a(lib_a-nano-svfprintf.o)
 .debug_frame   0x0000000000000f18       0x60 c:/users/kovalev/appdata/roaming/xpacks/@gnu-mcu-eclipse/arm-none-eabi-gcc/8.2.1-1.7.1/.content/bin/../lib/gcc/arm-none-eabi/8.2.1/../../../../arm-none-eabi/lib/thumb/v7-m/nofp\libg_nano.a(lib_a-nano-vfprintf_i.o)
 .debug_frame   0x0000000000000f78       0x28 c:/users/kovalev/appdata/roaming/xpacks/@gnu-mcu-eclipse/arm-none-eabi-gcc/8.2.1-1.7.1/.content/bin/../lib/gcc/arm-none-eabi/8.2.1/../../../../arm-none-eabi/lib/thumb/v7-m/nofp\libg_nano.a(lib_a-memchr-stub.o)
 .debug_frame   0x0000000000000fa0       0x28 c:/users/kovalev/appdata/roaming/xpacks/@gnu-mcu-eclipse/arm-none-eabi-gcc/8.2.1-1.7.1/.content/bin/../lib/gcc/arm-none-eabi/8.2.1/../../../../arm-none-eabi/lib/thumb/v7-m/nofp\libg_nano.a(lib_a-memmove.o)
 .debug_frame   0x0000000000000fc8       0x38 c:/users/kovalev/appdata/roaming/xpacks/@gnu-mcu-eclipse/arm-none-eabi-gcc/8.2.1-1.7.1/.content/bin/../lib/gcc/arm-none-eabi/8.2.1/../../../../arm-none-eabi/lib/thumb/v7-m/nofp\libg_nano.a(lib_a-nano-freer.o)
 .debug_frame   0x0000000000001000       0x30 c:/users/kovalev/appdata/roaming/xpacks/@gnu-mcu-eclipse/arm-none-eabi-gcc/8.2.1-1.7.1/.content/bin/../lib/gcc/arm-none-eabi/8.2.1/../../../../arm-none-eabi/lib/thumb/v7-m/nofp\libg_nano.a(lib_a-nano-mallocr.o)
 .debug_frame   0x0000000000001030       0x3c c:/users/kovalev/appdata/roaming/xpacks/@gnu-mcu-eclipse/arm-none-eabi-gcc/8.2.1-1.7.1/.content/bin/../lib/gcc/arm-none-eabi/8.2.1/../../../../arm-none-eabi/lib/thumb/v7-m/nofp\libg_nano.a(lib_a-nano-reallocr.o)
 .debug_frame   0x000000000000106c       0x2c c:/users/kovalev/appdata/roaming/xpacks/@gnu-mcu-eclipse/arm-none-eabi-gcc/8.2.1-1.7.1/.content/bin/../lib/gcc/arm-none-eabi/8.2.1/../../../../arm-none-eabi/lib/thumb/v7-m/nofp\libg_nano.a(lib_a-sbrkr.o)
 .debug_frame   0x0000000000001098       0x30 c:/users/kovalev/appdata/roaming/xpacks/@gnu-mcu-eclipse/arm-none-eabi-gcc/8.2.1-1.7.1/.content/bin/../lib/gcc/arm-none-eabi/8.2.1/../../../../arm-none-eabi/lib/thumb/v7-m/nofp\libg_nano.a(lib_a-mlock.o)
 .debug_frame   0x00000000000010c8       0x20 c:/users/kovalev/appdata/roaming/xpacks/@gnu-mcu-eclipse/arm-none-eabi-gcc/8.2.1-1.7.1/.content/bin/../lib/gcc/arm-none-eabi/8.2.1/../../../../arm-none-eabi/lib/thumb/v7-m/nofp\libg_nano.a(lib_a-nano-msizer.o)
 .debug_frame   0x00000000000010e8       0xb0 c:/users/kovalev/appdata/roaming/xpacks/@gnu-mcu-eclipse/arm-none-eabi-gcc/8.2.1-1.7.1/.content/bin/../lib/gcc/arm-none-eabi/8.2.1/../../../../arm-none-eabi/lib/thumb/v7-m/nofp\libg_nano.a(lib_a-lock.o)

.debug_str      0x0000000000000000    0x2fac4
 *(.debug_str)
 .debug_str     0x0000000000000000     0x7ca0 ./System/Src/newlib/exit.o
                                       0x7e67 (size before relaxing)
 .debug_str     0x0000000000007ca0      0x4f4 ./System/Src/newlib/sbrk.o
                                       0x7219 (size before relaxing)
 .debug_str     0x0000000000008194      0xbb3 ./System/Src/newlib/startup.o
                                       0x6954 (size before relaxing)
 .debug_str     0x0000000000008d47      0xdee ./System/Src/newlib/syscalls.o
                                       0x8065 (size before relaxing)
 .debug_str     0x0000000000009b35    0x232dd ./System/Src/gd32f10x/gd32f10x_can.o
                                      0x29ebe (size before relaxing)
 .debug_str     0x000000000002ce12      0x268 ./System/Src/gd32f10x/gd32f10x_exti.o
                                      0x2942a (size before relaxing)
 .debug_str     0x000000000002d07a      0x344 ./System/Src/gd32f10x/gd32f10x_gpio.o
                                      0x29720 (size before relaxing)
 .debug_str     0x000000000002d3be       0xee ./System/Src/gd32f10x/gd32f10x_it.o
                                      0x2930b (size before relaxing)
 .debug_str     0x000000000002d4ac      0x221 ./System/Src/gd32f10x/gd32f10x_misc.o
                                      0x293c6 (size before relaxing)
 .debug_str     0x000000000002d6cd      0x984 ./System/Src/gd32f10x/gd32f10x_rcu.o
                                      0x29d8f (size before relaxing)
 .debug_str     0x000000000002e051      0x379 ./System/Src/diag/trace-impl.o
                                      0x2b216 (size before relaxing)
 .debug_str     0x000000000002e3ca      0x81a ./System/Src/diag/trace.o
                                       0x85e0 (size before relaxing)
 .debug_str     0x000000000002ebe4      0x11d ./System/Src/cortexm/exception-handlers.o
                                      0x2b3a0 (size before relaxing)
 .debug_str     0x000000000002ed01       0x5d ./System/Src/cortexm/initialize-hardware.o
                                      0x29296 (size before relaxing)
 .debug_str     0x000000000002ed5e      0x107 ./System/Src/CMSIS/system_gd32f10x.o
                                      0x292f5 (size before relaxing)
 .debug_str     0x000000000002ee65       0x56 ./System/Src/CMSIS/vectors_gd32f10x.o
                                       0x38e8 (size before relaxing)
 .debug_str     0x000000000002eebb      0xa94 ./Src/gd32f10x_eval.o
                                      0x29fab (size before relaxing)
 .debug_str     0x000000000002f94f      0x11f ./Src/main.o
                                      0x2c3d2 (size before relaxing)
 .debug_str     0x000000000002fa6e       0x56 ./Src/timer.o
                                      0x29670 (size before relaxing)

.debug_loc      0x0000000000000000     0x2de6
 *(.debug_loc)
 .debug_loc     0x0000000000000000       0x15 ./System/Src/newlib/exit.o
 .debug_loc     0x0000000000000015       0x97 ./System/Src/newlib/sbrk.o
 .debug_loc     0x00000000000000ac      0x2a6 ./System/Src/newlib/startup.o
 .debug_loc     0x0000000000000352       0x6f ./System/Src/newlib/syscalls.o
 .debug_loc     0x00000000000003c1      0xbc8 ./System/Src/gd32f10x/gd32f10x_can.o
 .debug_loc     0x0000000000000f89      0x2c6 ./System/Src/gd32f10x/gd32f10x_exti.o
 .debug_loc     0x000000000000124f      0x5e9 ./System/Src/gd32f10x/gd32f10x_gpio.o
 .debug_loc     0x0000000000001838      0x26b ./System/Src/gd32f10x/gd32f10x_misc.o
 .debug_loc     0x0000000000001aa3      0xa66 ./System/Src/gd32f10x/gd32f10x_rcu.o
 .debug_loc     0x0000000000002509      0x1a1 ./System/Src/diag/trace-impl.o
 .debug_loc     0x00000000000026aa      0x118 ./System/Src/diag/trace.o
 .debug_loc     0x00000000000027c2      0x35c ./System/Src/cortexm/exception-handlers.o
 .debug_loc     0x0000000000002b1e      0x14c ./System/Src/CMSIS/system_gd32f10x.o
 .debug_loc     0x0000000000002c6a      0x119 ./Src/gd32f10x_eval.o
 .debug_loc     0x0000000000002d83       0x63 ./Src/timer.o

.debug_macinfo
 *(.debug_macinfo)

.debug_weaknames
 *(.debug_weaknames)

.debug_funcnames
 *(.debug_funcnames)

.debug_typenames
 *(.debug_typenames)

.debug_varnames
 *(.debug_varnames)
OUTPUT(gd32f103_template.elf elf32-littlearm)

.debug_ranges   0x0000000000000000      0x5f8
 .debug_ranges  0x0000000000000000       0x18 ./System/Src/newlib/exit.o
 .debug_ranges  0x0000000000000018       0x10 ./System/Src/newlib/sbrk.o
 .debug_ranges  0x0000000000000028       0x48 ./System/Src/newlib/startup.o
 .debug_ranges  0x0000000000000070       0x20 ./System/Src/newlib/syscalls.o
 .debug_ranges  0x0000000000000090       0xd8 ./System/Src/gd32f10x/gd32f10x_can.o
 .debug_ranges  0x0000000000000168       0x68 ./System/Src/gd32f10x/gd32f10x_exti.o
 .debug_ranges  0x00000000000001d0       0x90 ./System/Src/gd32f10x/gd32f10x_gpio.o
 .debug_ranges  0x0000000000000260       0x58 ./System/Src/gd32f10x/gd32f10x_it.o
 .debug_ranges  0x00000000000002b8       0x40 ./System/Src/gd32f10x/gd32f10x_misc.o
 .debug_ranges  0x00000000000002f8      0x128 ./System/Src/gd32f10x/gd32f10x_rcu.o
 .debug_ranges  0x0000000000000420       0x38 ./System/Src/diag/trace-impl.o
 .debug_ranges  0x0000000000000458       0x28 ./System/Src/diag/trace.o
 .debug_ranges  0x0000000000000480       0x98 ./System/Src/cortexm/exception-handlers.o
 .debug_ranges  0x0000000000000518       0x18 ./System/Src/cortexm/initialize-hardware.o
 .debug_ranges  0x0000000000000530       0x28 ./System/Src/CMSIS/system_gd32f10x.o
 .debug_ranges  0x0000000000000558       0x10 ./System/Src/CMSIS/vectors_gd32f10x.o
 .debug_ranges  0x0000000000000568       0x40 ./Src/gd32f10x_eval.o
 .debug_ranges  0x00000000000005a8       0x28 ./Src/main.o
 .debug_ranges  0x00000000000005d0       0x28 ./Src/timer.o

.debug_macro    0x0000000000000000     0x6729
 .debug_macro   0x0000000000000000      0x1b4 ./System/Src/newlib/exit.o
 .debug_macro   0x00000000000001b4      0x169 ./System/Src/newlib/sbrk.o
 .debug_macro   0x000000000000031d      0x174 ./System/Src/newlib/sbrk.o
 .debug_macro   0x0000000000000491       0x10 ./System/Src/newlib/sbrk.o
 .debug_macro   0x00000000000004a1      0x23b ./System/Src/newlib/sbrk.o
 .debug_macro   0x00000000000006dc      0x173 ./System/Src/newlib/startup.o
 .debug_macro   0x000000000000084f      0x1f3 ./System/Src/newlib/syscalls.o
 .debug_macro   0x0000000000000a42       0x1c ./System/Src/newlib/syscalls.o
 .debug_macro   0x0000000000000a5e       0x10 ./System/Src/newlib/syscalls.o
 .debug_macro   0x0000000000000a6e       0x10 ./System/Src/newlib/syscalls.o
 .debug_macro   0x0000000000000a7e       0x10 ./System/Src/newlib/syscalls.o
 .debug_macro   0x0000000000000a8e       0x35 ./System/Src/newlib/syscalls.o
 .debug_macro   0x0000000000000ac3      0x122 ./System/Src/newlib/syscalls.o
 .debug_macro   0x0000000000000be5       0x88 ./System/Src/newlib/syscalls.o
 .debug_macro   0x0000000000000c6d      0x10c ./System/Src/newlib/syscalls.o
 .debug_macro   0x0000000000000d79      0x189 ./System/Src/newlib/syscalls.o
 .debug_macro   0x0000000000000f02       0x16 ./System/Src/newlib/syscalls.o
 .debug_macro   0x0000000000000f18      0x24d ./System/Src/gd32f10x/gd32f10x_can.o
 .debug_macro   0x0000000000001165      0x1ac ./System/Src/gd32f10x/gd32f10x_can.o
 .debug_macro   0x0000000000001311      0x8eb ./System/Src/gd32f10x/gd32f10x_can.o
 .debug_macro   0x0000000000001bfc      0x241 ./System/Src/gd32f10x/gd32f10x_exti.o
 .debug_macro   0x0000000000001e3d      0x334 ./System/Src/gd32f10x/gd32f10x_exti.o
 .debug_macro   0x0000000000002171      0x271 ./System/Src/gd32f10x/gd32f10x_gpio.o
 .debug_macro   0x00000000000023e2      0x798 ./System/Src/gd32f10x/gd32f10x_gpio.o
 .debug_macro   0x0000000000002b7a      0x23b ./System/Src/gd32f10x/gd32f10x_it.o
 .debug_macro   0x0000000000002db5      0x23b ./System/Src/gd32f10x/gd32f10x_misc.o
 .debug_macro   0x0000000000002ff0       0x6a ./System/Src/gd32f10x/gd32f10x_misc.o
 .debug_macro   0x000000000000305a      0x259 ./System/Src/gd32f10x/gd32f10x_rcu.o
 .debug_macro   0x00000000000032b3      0x84d ./System/Src/gd32f10x/gd32f10x_rcu.o
 .debug_macro   0x0000000000003b00      0x30a ./System/Src/diag/trace-impl.o
 .debug_macro   0x0000000000003e0a       0x22 ./System/Src/diag/trace-impl.o
 .debug_macro   0x0000000000003e2c      0x1fb ./System/Src/diag/trace.o
 .debug_macro   0x0000000000004027       0x16 ./System/Src/diag/trace.o
 .debug_macro   0x000000000000403d       0x97 ./System/Src/diag/trace.o
 .debug_macro   0x00000000000040d4       0xfd ./System/Src/diag/trace.o
 .debug_macro   0x00000000000041d1       0x10 ./System/Src/diag/trace.o
 .debug_macro   0x00000000000041e1       0x16 ./System/Src/diag/trace.o
 .debug_macro   0x00000000000041f7      0x16f ./System/Src/diag/trace.o
 .debug_macro   0x0000000000004366       0x4c ./System/Src/diag/trace.o
 .debug_macro   0x00000000000043b2       0x16 ./System/Src/diag/trace.o
 .debug_macro   0x00000000000043c8      0x33c ./System/Src/cortexm/exception-handlers.o
 .debug_macro   0x0000000000004704      0x23b ./System/Src/cortexm/initialize-hardware.o
 .debug_macro   0x000000000000493f      0x25b ./System/Src/CMSIS/system_gd32f10x.o
 .debug_macro   0x0000000000004b9a       0x34 ./System/Src/CMSIS/vectors_gd32f10x.o
 .debug_macro   0x0000000000004bce      0x240 ./Src/gd32f10x_eval.o
 .debug_macro   0x0000000000004e0e      0x128 ./Src/gd32f10x_eval.o
 .debug_macro   0x0000000000004f36      0x353 ./Src/main.o
 .debug_macro   0x0000000000005289     0x110e ./Src/main.o
 .debug_macro   0x0000000000006397      0x12e ./Src/main.o
 .debug_macro   0x00000000000064c5      0x254 ./Src/timer.o
 .debug_macro   0x0000000000006719       0x10 ./Src/timer.o
